Copyright 1986-2022 Xilinx, Inc. All Rights Reserved. Copyright 2022-2023 Advanced Micro Devices, Inc. All Rights Reserved.
--------------------------------------------------------------------------------------------------------------------------------------------------------------------------------------
| Tool Version : Vivado v.2023.1 (lin64) Build 3865809 Sun May  7 15:04:56 MDT 2023
| Date         : Tue Mar 18 16:50:32 2025
| Host         : ASUS-TUF-A15 running 64-bit Ubuntu 24.04.2 LTS
| Command      : report_methodology -file design_1_wrapper_methodology_drc_routed.rpt -pb design_1_wrapper_methodology_drc_routed.pb -rpx design_1_wrapper_methodology_drc_routed.rpx
| Design       : design_1_wrapper
| Device       : xc7z007sclg400-1
| Speed File   : -1
| Design State : Fully Routed
--------------------------------------------------------------------------------------------------------------------------------------------------------------------------------------

Report Methodology

Table of Contents
-----------------
1. REPORT SUMMARY
2. REPORT DETAILS

1. REPORT SUMMARY
-----------------
            Netlist: netlist
          Floorplan: design_1
      Design limits: <entire design considered>
             Max violations: <unlimited>
             Violations found: 100
+-----------+------------------+----------------------------------------------------+------------+
| Rule      | Severity         | Description                                        | Violations |
+-----------+------------------+----------------------------------------------------+------------+
| TIMING-4  | Critical Warning | Invalid primary clock redefinition on a clock tree | 1          |
| TIMING-6  | Critical Warning | No common primary clock between related clocks     | 1          |
| TIMING-7  | Critical Warning | No common node between related clocks              | 1          |
| TIMING-17 | Critical Warning | Non-clocked sequential cell                        | 43         |
| TIMING-27 | Critical Warning | Invalid primary clock on hierarchical pin          | 1          |
| LUTAR-1   | Warning          | LUT drives async reset alert                       | 1          |
| TIMING-16 | Warning          | Large setup violation                              | 24         |
| TIMING-20 | Warning          | Non-clocked latch                                  | 27         |
| LATCH-1   | Advisory         | Existing latches in the design                     | 1          |
+-----------+------------------+----------------------------------------------------+------------+

2. REPORT DETAILS
-----------------
TIMING-4#1 Critical Warning
Invalid primary clock redefinition on a clock tree  
Invalid clock redefinition on a clock tree. The primary clock design_1_i/clk_wiz_0/inst/clk_in1 is defined downstream of clock clk_fpga_0 and overrides its insertion delay and/or waveform definition
Related violations: <none>

TIMING-6#1 Critical Warning
No common primary clock between related clocks  
The clocks clk_fpga_0 and clk_out100_design_1_clk_wiz_0_0 are related (timed together) but they have no common primary clock. The design could fail in hardware. To find a timing path between these clocks, run the following command: report_timing -from [get_clocks clk_fpga_0] -to [get_clocks clk_out100_design_1_clk_wiz_0_0]
Related violations: <none>

TIMING-7#1 Critical Warning
No common node between related clocks  
The clocks clk_fpga_0 and clk_out100_design_1_clk_wiz_0_0 are related (timed together) but they have no common node. The design could fail in hardware. To find a timing path between these clocks, run the following command: report_timing -from [get_clocks clk_fpga_0] -to [get_clocks clk_out100_design_1_clk_wiz_0_0]
Related violations: <none>

TIMING-17#1 Critical Warning
Non-clocked sequential cell  
The clock pin design_1_i/game_logic_0/U0/current_direction_reg[0]/C is not reached by a timing clock
Related violations: <none>

TIMING-17#2 Critical Warning
Non-clocked sequential cell  
The clock pin design_1_i/game_logic_0/U0/current_direction_reg[1]/C is not reached by a timing clock
Related violations: <none>

TIMING-17#3 Critical Warning
Non-clocked sequential cell  
The clock pin design_1_i/game_logic_0/U0/pellet_index_reg[0]/C is not reached by a timing clock
Related violations: <none>

TIMING-17#4 Critical Warning
Non-clocked sequential cell  
The clock pin design_1_i/game_logic_0/U0/pellet_index_reg[1]/C is not reached by a timing clock
Related violations: <none>

TIMING-17#5 Critical Warning
Non-clocked sequential cell  
The clock pin design_1_i/game_logic_0/U0/pellet_index_reg[2]/C is not reached by a timing clock
Related violations: <none>

TIMING-17#6 Critical Warning
Non-clocked sequential cell  
The clock pin design_1_i/game_logic_0/U0/pellet_index_reg[3]/C is not reached by a timing clock
Related violations: <none>

TIMING-17#7 Critical Warning
Non-clocked sequential cell  
The clock pin design_1_i/game_logic_0/U0/snake_x_reg_reg[0]/C is not reached by a timing clock
Related violations: <none>

TIMING-17#8 Critical Warning
Non-clocked sequential cell  
The clock pin design_1_i/game_logic_0/U0/snake_x_reg_reg[1]/C is not reached by a timing clock
Related violations: <none>

TIMING-17#9 Critical Warning
Non-clocked sequential cell  
The clock pin design_1_i/game_logic_0/U0/snake_x_reg_reg[2]/C is not reached by a timing clock
Related violations: <none>

TIMING-17#10 Critical Warning
Non-clocked sequential cell  
The clock pin design_1_i/game_logic_0/U0/snake_x_reg_reg[3]/C is not reached by a timing clock
Related violations: <none>

TIMING-17#11 Critical Warning
Non-clocked sequential cell  
The clock pin design_1_i/game_logic_0/U0/snake_x_reg_reg[4]/C is not reached by a timing clock
Related violations: <none>

TIMING-17#12 Critical Warning
Non-clocked sequential cell  
The clock pin design_1_i/game_logic_0/U0/snake_x_reg_reg[5]/C is not reached by a timing clock
Related violations: <none>

TIMING-17#13 Critical Warning
Non-clocked sequential cell  
The clock pin design_1_i/game_logic_0/U0/snake_x_reg_reg[6]/C is not reached by a timing clock
Related violations: <none>

TIMING-17#14 Critical Warning
Non-clocked sequential cell  
The clock pin design_1_i/game_logic_0/U0/snake_x_reg_reg[7]/C is not reached by a timing clock
Related violations: <none>

TIMING-17#15 Critical Warning
Non-clocked sequential cell  
The clock pin design_1_i/game_logic_0/U0/snake_x_reg_reg[8]/C is not reached by a timing clock
Related violations: <none>

TIMING-17#16 Critical Warning
Non-clocked sequential cell  
The clock pin design_1_i/game_logic_0/U0/snake_x_reg_reg[9]/C is not reached by a timing clock
Related violations: <none>

TIMING-17#17 Critical Warning
Non-clocked sequential cell  
The clock pin design_1_i/game_logic_0/U0/snake_y_reg_reg[0]/C is not reached by a timing clock
Related violations: <none>

TIMING-17#18 Critical Warning
Non-clocked sequential cell  
The clock pin design_1_i/game_logic_0/U0/snake_y_reg_reg[1]/C is not reached by a timing clock
Related violations: <none>

TIMING-17#19 Critical Warning
Non-clocked sequential cell  
The clock pin design_1_i/game_logic_0/U0/snake_y_reg_reg[2]/C is not reached by a timing clock
Related violations: <none>

TIMING-17#20 Critical Warning
Non-clocked sequential cell  
The clock pin design_1_i/game_logic_0/U0/snake_y_reg_reg[3]/C is not reached by a timing clock
Related violations: <none>

TIMING-17#21 Critical Warning
Non-clocked sequential cell  
The clock pin design_1_i/game_logic_0/U0/snake_y_reg_reg[4]/C is not reached by a timing clock
Related violations: <none>

TIMING-17#22 Critical Warning
Non-clocked sequential cell  
The clock pin design_1_i/game_logic_0/U0/snake_y_reg_reg[5]/C is not reached by a timing clock
Related violations: <none>

TIMING-17#23 Critical Warning
Non-clocked sequential cell  
The clock pin design_1_i/game_logic_0/U0/snake_y_reg_reg[6]/C is not reached by a timing clock
Related violations: <none>

TIMING-17#24 Critical Warning
Non-clocked sequential cell  
The clock pin design_1_i/game_logic_0/U0/snake_y_reg_reg[7]/C is not reached by a timing clock
Related violations: <none>

TIMING-17#25 Critical Warning
Non-clocked sequential cell  
The clock pin design_1_i/game_logic_0/U0/snake_y_reg_reg[8]/C is not reached by a timing clock
Related violations: <none>

TIMING-17#26 Critical Warning
Non-clocked sequential cell  
The clock pin design_1_i/game_logic_0/U0/snake_y_reg_reg[9]/C is not reached by a timing clock
Related violations: <none>

TIMING-17#27 Critical Warning
Non-clocked sequential cell  
The clock pin design_1_i/seven_segment_display_0/U0/anodes_reg[0]/C is not reached by a timing clock
Related violations: <none>

TIMING-17#28 Critical Warning
Non-clocked sequential cell  
The clock pin design_1_i/seven_segment_display_0/U0/anodes_reg[1]/C is not reached by a timing clock
Related violations: <none>

TIMING-17#29 Critical Warning
Non-clocked sequential cell  
The clock pin design_1_i/seven_segment_display_0/U0/anodes_reg[2]/C is not reached by a timing clock
Related violations: <none>

TIMING-17#30 Critical Warning
Non-clocked sequential cell  
The clock pin design_1_i/seven_segment_display_0/U0/anodes_reg[3]/C is not reached by a timing clock
Related violations: <none>

TIMING-17#31 Critical Warning
Non-clocked sequential cell  
The clock pin design_1_i/seven_segment_display_0/U0/cathodes_reg[0]/C is not reached by a timing clock
Related violations: <none>

TIMING-17#32 Critical Warning
Non-clocked sequential cell  
The clock pin design_1_i/seven_segment_display_0/U0/cathodes_reg[1]/C is not reached by a timing clock
Related violations: <none>

TIMING-17#33 Critical Warning
Non-clocked sequential cell  
The clock pin design_1_i/seven_segment_display_0/U0/cathodes_reg[2]/C is not reached by a timing clock
Related violations: <none>

TIMING-17#34 Critical Warning
Non-clocked sequential cell  
The clock pin design_1_i/seven_segment_display_0/U0/cathodes_reg[3]/C is not reached by a timing clock
Related violations: <none>

TIMING-17#35 Critical Warning
Non-clocked sequential cell  
The clock pin design_1_i/seven_segment_display_0/U0/cathodes_reg[4]/C is not reached by a timing clock
Related violations: <none>

TIMING-17#36 Critical Warning
Non-clocked sequential cell  
The clock pin design_1_i/seven_segment_display_0/U0/cathodes_reg[5]/C is not reached by a timing clock
Related violations: <none>

TIMING-17#37 Critical Warning
Non-clocked sequential cell  
The clock pin design_1_i/seven_segment_display_0/U0/cathodes_reg[6]/C is not reached by a timing clock
Related violations: <none>

TIMING-17#38 Critical Warning
Non-clocked sequential cell  
The clock pin design_1_i/seven_segment_display_0/U0/digit_select_reg[0]/C is not reached by a timing clock
Related violations: <none>

TIMING-17#39 Critical Warning
Non-clocked sequential cell  
The clock pin design_1_i/seven_segment_display_0/U0/digit_select_reg[1]/C is not reached by a timing clock
Related violations: <none>

TIMING-17#40 Critical Warning
Non-clocked sequential cell  
The clock pin design_1_i/seven_segment_display_0/U0/number_value_reg[0]/C is not reached by a timing clock
Related violations: <none>

TIMING-17#41 Critical Warning
Non-clocked sequential cell  
The clock pin design_1_i/seven_segment_display_0/U0/number_value_reg[1]/C is not reached by a timing clock
Related violations: <none>

TIMING-17#42 Critical Warning
Non-clocked sequential cell  
The clock pin design_1_i/seven_segment_display_0/U0/number_value_reg[2]/C is not reached by a timing clock
Related violations: <none>

TIMING-17#43 Critical Warning
Non-clocked sequential cell  
The clock pin design_1_i/seven_segment_display_0/U0/number_value_reg[3]/C is not reached by a timing clock
Related violations: <none>

TIMING-27#1 Critical Warning
Invalid primary clock on hierarchical pin  
A primary clock design_1_i/clk_wiz_0/inst/clk_in1 is created on an inappropriate internal pin design_1_i/clk_wiz_0/inst/clk_in1. It is not recommended to create a primary clock on a hierarchical pin when its driver pin has a fanout connected to multiple clock pins
Related violations: <none>

LUTAR-1#1 Warning
LUT drives async reset alert  
LUT cell design_1_i/hdmi_tx_0/inst/encr/oserdes_m_i_1, with 2 or more inputs, drives asynchronous preset/clear pin(s) design_1_i/hdmi_tx_0/inst/encg/dout_reg[9]/CLR,
design_1_i/hdmi_tx_0/inst/encr/cnt_reg[1]/CLR,
design_1_i/hdmi_tx_0/inst/encr/cnt_reg[2]/CLR,
design_1_i/hdmi_tx_0/inst/encr/cnt_reg[3]/CLR,
design_1_i/hdmi_tx_0/inst/encr/cnt_reg[4]/CLR,
design_1_i/hdmi_tx_0/inst/encr/dout_reg[0]/CLR,
design_1_i/hdmi_tx_0/inst/encr/dout_reg[1]/CLR,
design_1_i/hdmi_tx_0/inst/encr/dout_reg[2]/CLR,
design_1_i/hdmi_tx_0/inst/encr/dout_reg[3]/CLR,
design_1_i/hdmi_tx_0/inst/encr/dout_reg[4]/CLR,
design_1_i/hdmi_tx_0/inst/encr/dout_reg[5]/CLR,
design_1_i/hdmi_tx_0/inst/encr/dout_reg[6]/CLR,
design_1_i/hdmi_tx_0/inst/encr/dout_reg[7]/CLR,
design_1_i/hdmi_tx_0/inst/encr/dout_reg[8]/CLR,
design_1_i/hdmi_tx_0/inst/encr/dout_reg[9]/CLR
 (the first 15 of 42 listed). The LUT may glitch and trigger an unexpected reset, even if it is a properly timed path.
Related violations: <none>

TIMING-16#1 Warning
Large setup violation  
There is a large setup violation of -1.587 ns between design_1_i/test_axi_gpio_0/U0/pellet_x_reg[1]_replica/C (clocked by clk_out100_design_1_clk_wiz_0_0) and design_1_i/hdmi_tx_0/inst/srldly_0/srl[27].srl16_i_srlopt/D (clocked by clk_out25_design_1_clk_wiz_0_0). Large setup violations at the end of those stages might be difficult to fix during the post-placement implementation flow and could be the result of non-optimal XDC constraints or non-optimal design architecture
Related violations: <none>

TIMING-16#2 Warning
Large setup violation  
There is a large setup violation of -1.623 ns between design_1_i/test_axi_gpio_0/U0/pellet_x_reg[1]_replica/C (clocked by clk_out100_design_1_clk_wiz_0_0) and design_1_i/hdmi_tx_0/inst/srldly_0/srl[33].srl16_i_srlopt/D (clocked by clk_out25_design_1_clk_wiz_0_0). Large setup violations at the end of those stages might be difficult to fix during the post-placement implementation flow and could be the result of non-optimal XDC constraints or non-optimal design architecture
Related violations: <none>

TIMING-16#3 Warning
Large setup violation  
There is a large setup violation of -1.674 ns between design_1_i/test_axi_gpio_0/U0/pellet_x_reg[1]_replica/C (clocked by clk_out100_design_1_clk_wiz_0_0) and design_1_i/hdmi_tx_0/inst/srldly_0/srl[36].srl16_i_srlopt/D (clocked by clk_out25_design_1_clk_wiz_0_0). Large setup violations at the end of those stages might be difficult to fix during the post-placement implementation flow and could be the result of non-optimal XDC constraints or non-optimal design architecture
Related violations: <none>

TIMING-16#4 Warning
Large setup violation  
There is a large setup violation of -1.687 ns between design_1_i/test_axi_gpio_0/U0/pellet_x_reg[1]_replica/C (clocked by clk_out100_design_1_clk_wiz_0_0) and design_1_i/hdmi_tx_0/inst/srldly_0/srl[26].srl16_i_srlopt/D (clocked by clk_out25_design_1_clk_wiz_0_0). Large setup violations at the end of those stages might be difficult to fix during the post-placement implementation flow and could be the result of non-optimal XDC constraints or non-optimal design architecture
Related violations: <none>

TIMING-16#5 Warning
Large setup violation  
There is a large setup violation of -1.728 ns between design_1_i/test_axi_gpio_0/U0/pellet_x_reg[1]_replica/C (clocked by clk_out100_design_1_clk_wiz_0_0) and design_1_i/hdmi_tx_0/inst/srldly_0/srl[32].srl16_i_srlopt/D (clocked by clk_out25_design_1_clk_wiz_0_0). Large setup violations at the end of those stages might be difficult to fix during the post-placement implementation flow and could be the result of non-optimal XDC constraints or non-optimal design architecture
Related violations: <none>

TIMING-16#6 Warning
Large setup violation  
There is a large setup violation of -1.729 ns between design_1_i/test_axi_gpio_0/U0/pellet_x_reg[1]_replica/C (clocked by clk_out100_design_1_clk_wiz_0_0) and design_1_i/hdmi_tx_0/inst/srldly_0/srl[16].srl16_i_srlopt/D (clocked by clk_out25_design_1_clk_wiz_0_0). Large setup violations at the end of those stages might be difficult to fix during the post-placement implementation flow and could be the result of non-optimal XDC constraints or non-optimal design architecture
Related violations: <none>

TIMING-16#7 Warning
Large setup violation  
There is a large setup violation of -1.733 ns between design_1_i/test_axi_gpio_0/U0/pellet_x_reg[1]_replica/C (clocked by clk_out100_design_1_clk_wiz_0_0) and design_1_i/hdmi_tx_0/inst/srldly_0/srl[34].srl16_i_srlopt/D (clocked by clk_out25_design_1_clk_wiz_0_0). Large setup violations at the end of those stages might be difficult to fix during the post-placement implementation flow and could be the result of non-optimal XDC constraints or non-optimal design architecture
Related violations: <none>

TIMING-16#8 Warning
Large setup violation  
There is a large setup violation of -1.735 ns between design_1_i/test_axi_gpio_0/U0/pellet_x_reg[1]_replica/C (clocked by clk_out100_design_1_clk_wiz_0_0) and design_1_i/hdmi_tx_0/inst/srldly_0/srl[19].srl16_i_srlopt/D (clocked by clk_out25_design_1_clk_wiz_0_0). Large setup violations at the end of those stages might be difficult to fix during the post-placement implementation flow and could be the result of non-optimal XDC constraints or non-optimal design architecture
Related violations: <none>

TIMING-16#9 Warning
Large setup violation  
There is a large setup violation of -1.735 ns between design_1_i/test_axi_gpio_0/U0/pellet_x_reg[1]_replica/C (clocked by clk_out100_design_1_clk_wiz_0_0) and design_1_i/hdmi_tx_0/inst/srldly_0/srl[23].srl16_i_srlopt/D (clocked by clk_out25_design_1_clk_wiz_0_0). Large setup violations at the end of those stages might be difficult to fix during the post-placement implementation flow and could be the result of non-optimal XDC constraints or non-optimal design architecture
Related violations: <none>

TIMING-16#10 Warning
Large setup violation  
There is a large setup violation of -1.769 ns between design_1_i/test_axi_gpio_0/U0/pellet_x_reg[1]_replica/C (clocked by clk_out100_design_1_clk_wiz_0_0) and design_1_i/hdmi_tx_0/inst/srldly_0/srl[22].srl16_i_srlopt/D (clocked by clk_out25_design_1_clk_wiz_0_0). Large setup violations at the end of those stages might be difficult to fix during the post-placement implementation flow and could be the result of non-optimal XDC constraints or non-optimal design architecture
Related violations: <none>

TIMING-16#11 Warning
Large setup violation  
There is a large setup violation of -1.797 ns between design_1_i/test_axi_gpio_0/U0/pellet_x_reg[1]_replica/C (clocked by clk_out100_design_1_clk_wiz_0_0) and design_1_i/hdmi_tx_0/inst/srldly_0/srl[38].srl16_i_srlopt/D (clocked by clk_out25_design_1_clk_wiz_0_0). Large setup violations at the end of those stages might be difficult to fix during the post-placement implementation flow and could be the result of non-optimal XDC constraints or non-optimal design architecture
Related violations: <none>

TIMING-16#12 Warning
Large setup violation  
There is a large setup violation of -1.815 ns between design_1_i/test_axi_gpio_0/U0/pellet_x_reg[1]_replica/C (clocked by clk_out100_design_1_clk_wiz_0_0) and design_1_i/hdmi_tx_0/inst/srldly_0/srl[21].srl16_i_srlopt/D (clocked by clk_out25_design_1_clk_wiz_0_0). Large setup violations at the end of those stages might be difficult to fix during the post-placement implementation flow and could be the result of non-optimal XDC constraints or non-optimal design architecture
Related violations: <none>

TIMING-16#13 Warning
Large setup violation  
There is a large setup violation of -1.819 ns between design_1_i/test_axi_gpio_0/U0/pellet_x_reg[1]_replica/C (clocked by clk_out100_design_1_clk_wiz_0_0) and design_1_i/hdmi_tx_0/inst/srldly_0/srl[24].srl16_i_srlopt/D (clocked by clk_out25_design_1_clk_wiz_0_0). Large setup violations at the end of those stages might be difficult to fix during the post-placement implementation flow and could be the result of non-optimal XDC constraints or non-optimal design architecture
Related violations: <none>

TIMING-16#14 Warning
Large setup violation  
There is a large setup violation of -1.822 ns between design_1_i/test_axi_gpio_0/U0/pellet_x_reg[1]_replica/C (clocked by clk_out100_design_1_clk_wiz_0_0) and design_1_i/hdmi_tx_0/inst/srldly_0/srl[30].srl16_i_srlopt/D (clocked by clk_out25_design_1_clk_wiz_0_0). Large setup violations at the end of those stages might be difficult to fix during the post-placement implementation flow and could be the result of non-optimal XDC constraints or non-optimal design architecture
Related violations: <none>

TIMING-16#15 Warning
Large setup violation  
There is a large setup violation of -1.846 ns between design_1_i/test_axi_gpio_0/U0/pellet_x_reg[1]_replica/C (clocked by clk_out100_design_1_clk_wiz_0_0) and design_1_i/hdmi_tx_0/inst/srldly_0/srl[37].srl16_i_srlopt/D (clocked by clk_out25_design_1_clk_wiz_0_0). Large setup violations at the end of those stages might be difficult to fix during the post-placement implementation flow and could be the result of non-optimal XDC constraints or non-optimal design architecture
Related violations: <none>

TIMING-16#16 Warning
Large setup violation  
There is a large setup violation of -1.849 ns between design_1_i/test_axi_gpio_0/U0/pellet_x_reg[1]_replica/C (clocked by clk_out100_design_1_clk_wiz_0_0) and design_1_i/hdmi_tx_0/inst/srldly_0/srl[31].srl16_i_srlopt/D (clocked by clk_out25_design_1_clk_wiz_0_0). Large setup violations at the end of those stages might be difficult to fix during the post-placement implementation flow and could be the result of non-optimal XDC constraints or non-optimal design architecture
Related violations: <none>

TIMING-16#17 Warning
Large setup violation  
There is a large setup violation of -1.857 ns between design_1_i/test_axi_gpio_0/U0/pellet_x_reg[1]_replica/C (clocked by clk_out100_design_1_clk_wiz_0_0) and design_1_i/hdmi_tx_0/inst/srldly_0/srl[20].srl16_i_srlopt/D (clocked by clk_out25_design_1_clk_wiz_0_0). Large setup violations at the end of those stages might be difficult to fix during the post-placement implementation flow and could be the result of non-optimal XDC constraints or non-optimal design architecture
Related violations: <none>

TIMING-16#18 Warning
Large setup violation  
There is a large setup violation of -1.857 ns between design_1_i/test_axi_gpio_0/U0/pellet_x_reg[1]_replica/C (clocked by clk_out100_design_1_clk_wiz_0_0) and design_1_i/hdmi_tx_0/inst/srldly_0/srl[39].srl16_i_srlopt/D (clocked by clk_out25_design_1_clk_wiz_0_0). Large setup violations at the end of those stages might be difficult to fix during the post-placement implementation flow and could be the result of non-optimal XDC constraints or non-optimal design architecture
Related violations: <none>

TIMING-16#19 Warning
Large setup violation  
There is a large setup violation of -1.872 ns between design_1_i/test_axi_gpio_0/U0/pellet_x_reg[1]_replica/C (clocked by clk_out100_design_1_clk_wiz_0_0) and design_1_i/hdmi_tx_0/inst/srldly_0/srl[29].srl16_i_srlopt/D (clocked by clk_out25_design_1_clk_wiz_0_0). Large setup violations at the end of those stages might be difficult to fix during the post-placement implementation flow and could be the result of non-optimal XDC constraints or non-optimal design architecture
Related violations: <none>

TIMING-16#20 Warning
Large setup violation  
There is a large setup violation of -1.883 ns between design_1_i/test_axi_gpio_0/U0/pellet_x_reg[1]_replica/C (clocked by clk_out100_design_1_clk_wiz_0_0) and design_1_i/hdmi_tx_0/inst/srldly_0/srl[17].srl16_i_srlopt/D (clocked by clk_out25_design_1_clk_wiz_0_0). Large setup violations at the end of those stages might be difficult to fix during the post-placement implementation flow and could be the result of non-optimal XDC constraints or non-optimal design architecture
Related violations: <none>

TIMING-16#21 Warning
Large setup violation  
There is a large setup violation of -1.886 ns between design_1_i/test_axi_gpio_0/U0/pellet_x_reg[1]_replica/C (clocked by clk_out100_design_1_clk_wiz_0_0) and design_1_i/hdmi_tx_0/inst/srldly_0/srl[28].srl16_i_srlopt/D (clocked by clk_out25_design_1_clk_wiz_0_0). Large setup violations at the end of those stages might be difficult to fix during the post-placement implementation flow and could be the result of non-optimal XDC constraints or non-optimal design architecture
Related violations: <none>

TIMING-16#22 Warning
Large setup violation  
There is a large setup violation of -1.887 ns between design_1_i/test_axi_gpio_0/U0/pellet_x_reg[1]_replica/C (clocked by clk_out100_design_1_clk_wiz_0_0) and design_1_i/hdmi_tx_0/inst/srldly_0/srl[18].srl16_i_srlopt/D (clocked by clk_out25_design_1_clk_wiz_0_0). Large setup violations at the end of those stages might be difficult to fix during the post-placement implementation flow and could be the result of non-optimal XDC constraints or non-optimal design architecture
Related violations: <none>

TIMING-16#23 Warning
Large setup violation  
There is a large setup violation of -1.916 ns between design_1_i/test_axi_gpio_0/U0/pellet_x_reg[1]_replica/C (clocked by clk_out100_design_1_clk_wiz_0_0) and design_1_i/hdmi_tx_0/inst/srldly_0/srl[35].srl16_i_srlopt/D (clocked by clk_out25_design_1_clk_wiz_0_0). Large setup violations at the end of those stages might be difficult to fix during the post-placement implementation flow and could be the result of non-optimal XDC constraints or non-optimal design architecture
Related violations: <none>

TIMING-16#24 Warning
Large setup violation  
There is a large setup violation of -1.956 ns between design_1_i/test_axi_gpio_0/U0/pellet_x_reg[1]_replica/C (clocked by clk_out100_design_1_clk_wiz_0_0) and design_1_i/hdmi_tx_0/inst/srldly_0/srl[25].srl16_i_srlopt/D (clocked by clk_out25_design_1_clk_wiz_0_0). Large setup violations at the end of those stages might be difficult to fix during the post-placement implementation flow and could be the result of non-optimal XDC constraints or non-optimal design architecture
Related violations: <none>

TIMING-20#1 Warning
Non-clocked latch  
The latch design_1_i/vga_controller_0/U0/color_index_reg[0] cannot be properly analyzed as its control pin design_1_i/vga_controller_0/U0/color_index_reg[0]/G is not reached by a timing clock
Related violations: <none>

TIMING-20#2 Warning
Non-clocked latch  
The latch design_1_i/vga_controller_0/U0/color_index_reg[1] cannot be properly analyzed as its control pin design_1_i/vga_controller_0/U0/color_index_reg[1]/G is not reached by a timing clock
Related violations: <none>

TIMING-20#3 Warning
Non-clocked latch  
The latch design_1_i/vga_controller_0/U0/color_index_reg[2] cannot be properly analyzed as its control pin design_1_i/vga_controller_0/U0/color_index_reg[2]/G is not reached by a timing clock
Related violations: <none>

TIMING-20#4 Warning
Non-clocked latch  
The latch design_1_i/vga_controller_0/U0/color_value_reg[0] cannot be properly analyzed as its control pin design_1_i/vga_controller_0/U0/color_value_reg[0]/G is not reached by a timing clock
Related violations: <none>

TIMING-20#5 Warning
Non-clocked latch  
The latch design_1_i/vga_controller_0/U0/color_value_reg[10] cannot be properly analyzed as its control pin design_1_i/vga_controller_0/U0/color_value_reg[10]/G is not reached by a timing clock
Related violations: <none>

TIMING-20#6 Warning
Non-clocked latch  
The latch design_1_i/vga_controller_0/U0/color_value_reg[11] cannot be properly analyzed as its control pin design_1_i/vga_controller_0/U0/color_value_reg[11]/G is not reached by a timing clock
Related violations: <none>

TIMING-20#7 Warning
Non-clocked latch  
The latch design_1_i/vga_controller_0/U0/color_value_reg[12] cannot be properly analyzed as its control pin design_1_i/vga_controller_0/U0/color_value_reg[12]/G is not reached by a timing clock
Related violations: <none>

TIMING-20#8 Warning
Non-clocked latch  
The latch design_1_i/vga_controller_0/U0/color_value_reg[13] cannot be properly analyzed as its control pin design_1_i/vga_controller_0/U0/color_value_reg[13]/G is not reached by a timing clock
Related violations: <none>

TIMING-20#9 Warning
Non-clocked latch  
The latch design_1_i/vga_controller_0/U0/color_value_reg[14] cannot be properly analyzed as its control pin design_1_i/vga_controller_0/U0/color_value_reg[14]/G is not reached by a timing clock
Related violations: <none>

TIMING-20#10 Warning
Non-clocked latch  
The latch design_1_i/vga_controller_0/U0/color_value_reg[15] cannot be properly analyzed as its control pin design_1_i/vga_controller_0/U0/color_value_reg[15]/G is not reached by a timing clock
Related violations: <none>

TIMING-20#11 Warning
Non-clocked latch  
The latch design_1_i/vga_controller_0/U0/color_value_reg[16] cannot be properly analyzed as its control pin design_1_i/vga_controller_0/U0/color_value_reg[16]/G is not reached by a timing clock
Related violations: <none>

TIMING-20#12 Warning
Non-clocked latch  
The latch design_1_i/vga_controller_0/U0/color_value_reg[17] cannot be properly analyzed as its control pin design_1_i/vga_controller_0/U0/color_value_reg[17]/G is not reached by a timing clock
Related violations: <none>

TIMING-20#13 Warning
Non-clocked latch  
The latch design_1_i/vga_controller_0/U0/color_value_reg[18] cannot be properly analyzed as its control pin design_1_i/vga_controller_0/U0/color_value_reg[18]/G is not reached by a timing clock
Related violations: <none>

TIMING-20#14 Warning
Non-clocked latch  
The latch design_1_i/vga_controller_0/U0/color_value_reg[19] cannot be properly analyzed as its control pin design_1_i/vga_controller_0/U0/color_value_reg[19]/G is not reached by a timing clock
Related violations: <none>

TIMING-20#15 Warning
Non-clocked latch  
The latch design_1_i/vga_controller_0/U0/color_value_reg[1] cannot be properly analyzed as its control pin design_1_i/vga_controller_0/U0/color_value_reg[1]/G is not reached by a timing clock
Related violations: <none>

TIMING-20#16 Warning
Non-clocked latch  
The latch design_1_i/vga_controller_0/U0/color_value_reg[20] cannot be properly analyzed as its control pin design_1_i/vga_controller_0/U0/color_value_reg[20]/G is not reached by a timing clock
Related violations: <none>

TIMING-20#17 Warning
Non-clocked latch  
The latch design_1_i/vga_controller_0/U0/color_value_reg[21] cannot be properly analyzed as its control pin design_1_i/vga_controller_0/U0/color_value_reg[21]/G is not reached by a timing clock
Related violations: <none>

TIMING-20#18 Warning
Non-clocked latch  
The latch design_1_i/vga_controller_0/U0/color_value_reg[22] cannot be properly analyzed as its control pin design_1_i/vga_controller_0/U0/color_value_reg[22]/G is not reached by a timing clock
Related violations: <none>

TIMING-20#19 Warning
Non-clocked latch  
The latch design_1_i/vga_controller_0/U0/color_value_reg[23] cannot be properly analyzed as its control pin design_1_i/vga_controller_0/U0/color_value_reg[23]/G is not reached by a timing clock
Related violations: <none>

TIMING-20#20 Warning
Non-clocked latch  
The latch design_1_i/vga_controller_0/U0/color_value_reg[2] cannot be properly analyzed as its control pin design_1_i/vga_controller_0/U0/color_value_reg[2]/G is not reached by a timing clock
Related violations: <none>

TIMING-20#21 Warning
Non-clocked latch  
The latch design_1_i/vga_controller_0/U0/color_value_reg[3] cannot be properly analyzed as its control pin design_1_i/vga_controller_0/U0/color_value_reg[3]/G is not reached by a timing clock
Related violations: <none>

TIMING-20#22 Warning
Non-clocked latch  
The latch design_1_i/vga_controller_0/U0/color_value_reg[4] cannot be properly analyzed as its control pin design_1_i/vga_controller_0/U0/color_value_reg[4]/G is not reached by a timing clock
Related violations: <none>

TIMING-20#23 Warning
Non-clocked latch  
The latch design_1_i/vga_controller_0/U0/color_value_reg[5] cannot be properly analyzed as its control pin design_1_i/vga_controller_0/U0/color_value_reg[5]/G is not reached by a timing clock
Related violations: <none>

TIMING-20#24 Warning
Non-clocked latch  
The latch design_1_i/vga_controller_0/U0/color_value_reg[6] cannot be properly analyzed as its control pin design_1_i/vga_controller_0/U0/color_value_reg[6]/G is not reached by a timing clock
Related violations: <none>

TIMING-20#25 Warning
Non-clocked latch  
The latch design_1_i/vga_controller_0/U0/color_value_reg[7] cannot be properly analyzed as its control pin design_1_i/vga_controller_0/U0/color_value_reg[7]/G is not reached by a timing clock
Related violations: <none>

TIMING-20#26 Warning
Non-clocked latch  
The latch design_1_i/vga_controller_0/U0/color_value_reg[8] cannot be properly analyzed as its control pin design_1_i/vga_controller_0/U0/color_value_reg[8]/G is not reached by a timing clock
Related violations: <none>

TIMING-20#27 Warning
Non-clocked latch  
The latch design_1_i/vga_controller_0/U0/color_value_reg[9] cannot be properly analyzed as its control pin design_1_i/vga_controller_0/U0/color_value_reg[9]/G is not reached by a timing clock
Related violations: <none>

LATCH-1#1 Advisory
Existing latches in the design  
There are 27 latches found in the design. Inferred latches are often the result of HDL coding mistakes, such as incomplete if or case statements.
Related violations: <none>


