
*** Running vivado
    with args -log design_1_wrapper.vdi -applog -m64 -product Vivado -messageDb vivado.pb -mode batch -source design_1_wrapper.tcl -notrace


****** Vivado v2023.1 (64-bit)
  **** SW Build 3865809 on Sun May  7 15:04:56 MDT 2023
  **** IP Build 3864474 on Sun May  7 20:36:21 MDT 2023
  **** SharedData Build 3865790 on Sun May 07 13:33:03 MDT 2023
    ** Copyright 1986-2022 Xilinx, Inc. All Rights Reserved.
    ** Copyright 2022-2023 Advanced Micro Devices, Inc. All Rights Reserved.

source design_1_wrapper.tcl -notrace
INFO: [IP_Flow 19-234] Refreshing IP repositories
WARNING: [IP_Flow 19-2248] Failed to load user IP repository '/home/timon/home/ces-bpti06/Downloads/hdmi_tx_1.0'; Can't find the specified path.
If this directory should no longer be in your list of user repositories, go to the IP Settings dialog and remove it.
INFO: [IP_Flow 19-2313] Loaded Vivado IP repository '/tools/Xilinx/Vivado/2023.1/data/ip'.
Command: link_design -top design_1_wrapper -part xc7z007sclg400-1
Design is defaulting to srcset: sources_1
Design is defaulting to constrset: constrs_1
INFO: [Device 21-403] Loading part xc7z007sclg400-1
INFO: [Project 1-454] Reading design checkpoint '/home/timon/Documents/vivado_snake/project_final2.gen/sources_1/bd/design_1/ip/design_1_axi_gpio_0_0/design_1_axi_gpio_0_0.dcp' for cell 'design_1_i/axi_gpio_0'
INFO: [Project 1-454] Reading design checkpoint '/home/timon/Documents/vivado_snake/project_final2.gen/sources_1/bd/design_1/ip/design_1_axi_gpio_1_0/design_1_axi_gpio_1_0.dcp' for cell 'design_1_i/axi_gpio_1'
INFO: [Project 1-454] Reading design checkpoint '/home/timon/Documents/vivado_snake/project_final2.gen/sources_1/bd/design_1/ip/design_1_clk_wiz_0_0_2/design_1_clk_wiz_0_0.dcp' for cell 'design_1_i/clk_wiz_0'
INFO: [Project 1-454] Reading design checkpoint '/home/timon/Documents/vivado_snake/project_final2.gen/sources_1/bd/design_1/ip/design_1_game_clock_0_0/design_1_game_clock_0_0.dcp' for cell 'design_1_i/game_clock_0'
INFO: [Project 1-454] Reading design checkpoint '/home/timon/Documents/vivado_snake/project_final2.gen/sources_1/bd/design_1/ip/design_1_game_logic_0_0/design_1_game_logic_0_0.dcp' for cell 'design_1_i/game_logic_0'
INFO: [Project 1-454] Reading design checkpoint '/home/timon/Documents/vivado_snake/project_final2.srcs/sources_1/bd/design_1/ip/design_1_hdmi_tx_0_0_2/design_1_hdmi_tx_0_0.dcp' for cell 'design_1_i/hdmi_tx_0'
INFO: [Project 1-454] Reading design checkpoint '/home/timon/Documents/vivado_snake/project_final2.gen/sources_1/bd/design_1/ip/design_1_processing_system7_0_0/design_1_processing_system7_0_0.dcp' for cell 'design_1_i/processing_system7_0'
INFO: [Project 1-454] Reading design checkpoint '/home/timon/Documents/vivado_snake/project_final2.gen/sources_1/bd/design_1/ip/design_1_rst_ps7_0_50M_0/design_1_rst_ps7_0_50M_0.dcp' for cell 'design_1_i/rst_ps7_0_50M'
INFO: [Project 1-454] Reading design checkpoint '/home/timon/Documents/vivado_snake/project_final2.gen/sources_1/bd/design_1/ip/design_1_seven_segment_clock_0_0/design_1_seven_segment_clock_0_0.dcp' for cell 'design_1_i/seven_segment_clock_0'
INFO: [Project 1-454] Reading design checkpoint '/home/timon/Documents/vivado_snake/project_final2.gen/sources_1/bd/design_1/ip/design_1_seven_segment_display_0_0/design_1_seven_segment_display_0_0.dcp' for cell 'design_1_i/seven_segment_display_0'
INFO: [Project 1-454] Reading design checkpoint '/home/timon/Documents/vivado_snake/project_final2.gen/sources_1/bd/design_1/ip/design_1_test_axi_gpio_0_0/design_1_test_axi_gpio_0_0.dcp' for cell 'design_1_i/test_axi_gpio_0'
INFO: [Project 1-454] Reading design checkpoint '/home/timon/Documents/vivado_snake/project_final2.gen/sources_1/bd/design_1/ip/design_1_vga_controller_0_0/design_1_vga_controller_0_0.dcp' for cell 'design_1_i/vga_controller_0'
INFO: [Project 1-454] Reading design checkpoint '/home/timon/Documents/vivado_snake/project_final2.gen/sources_1/bd/design_1/ip/design_1_xbar_0/design_1_xbar_0.dcp' for cell 'design_1_i/ps7_0_axi_periph/xbar'
INFO: [Project 1-454] Reading design checkpoint '/home/timon/Documents/vivado_snake/project_final2.gen/sources_1/bd/design_1/ip/design_1_auto_pc_0/design_1_auto_pc_0.dcp' for cell 'design_1_i/ps7_0_axi_periph/s00_couplers/auto_pc'
Netlist sorting complete. Time (s): cpu = 00:00:00.02 ; elapsed = 00:00:00.02 . Memory (MB): peak = 1703.008 ; gain = 0.000 ; free physical = 4175 ; free virtual = 11040
INFO: [Netlist 29-17] Analyzing 67 Unisim elements for replacement
INFO: [Netlist 29-28] Unisim Transformation completed in 0 CPU seconds
INFO: [Project 1-479] Netlist was created with Vivado 2023.1
INFO: [Project 1-570] Preparing netlist for logic optimization
WARNING: [Opt 31-32] Removing redundant IBUF since it is not being driven by a top-level port. design_1_i/clk_wiz_0/inst/clkin1_ibufg 
Resolution: The tool has removed redundant IBUF. To resolve this warning, check for redundant IBUF in the input design.
WARNING: [Constraints 18-550] Could not create 'IBUF_LOW_PWR' constraint because net 'design_1_i/clk_wiz_0/clk_in1' is not directly connected to top level port. Synthesis is ignored for IBUF_LOW_PWR but preserved for implementation.
Parsing XDC File [/home/timon/Documents/vivado_snake/project_final2.gen/sources_1/bd/design_1/ip/design_1_processing_system7_0_0/design_1_processing_system7_0_0.xdc] for cell 'design_1_i/processing_system7_0/inst'
Finished Parsing XDC File [/home/timon/Documents/vivado_snake/project_final2.gen/sources_1/bd/design_1/ip/design_1_processing_system7_0_0/design_1_processing_system7_0_0.xdc] for cell 'design_1_i/processing_system7_0/inst'
Parsing XDC File [/home/timon/Documents/vivado_snake/project_final2.gen/sources_1/bd/design_1/ip/design_1_clk_wiz_0_0_2/design_1_clk_wiz_0_0_board.xdc] for cell 'design_1_i/clk_wiz_0/inst'
Finished Parsing XDC File [/home/timon/Documents/vivado_snake/project_final2.gen/sources_1/bd/design_1/ip/design_1_clk_wiz_0_0_2/design_1_clk_wiz_0_0_board.xdc] for cell 'design_1_i/clk_wiz_0/inst'
Parsing XDC File [/home/timon/Documents/vivado_snake/project_final2.gen/sources_1/bd/design_1/ip/design_1_clk_wiz_0_0_2/design_1_clk_wiz_0_0.xdc] for cell 'design_1_i/clk_wiz_0/inst'
INFO: [Timing 38-35] Done setting XDC timing constraints. [/home/timon/Documents/vivado_snake/project_final2.gen/sources_1/bd/design_1/ip/design_1_clk_wiz_0_0_2/design_1_clk_wiz_0_0.xdc:57]
INFO: [Timing 38-2] Deriving generated clocks [/home/timon/Documents/vivado_snake/project_final2.gen/sources_1/bd/design_1/ip/design_1_clk_wiz_0_0_2/design_1_clk_wiz_0_0.xdc:57]
Finished Parsing XDC File [/home/timon/Documents/vivado_snake/project_final2.gen/sources_1/bd/design_1/ip/design_1_clk_wiz_0_0_2/design_1_clk_wiz_0_0.xdc] for cell 'design_1_i/clk_wiz_0/inst'
Parsing XDC File [/home/timon/Documents/vivado_snake/project_final2.gen/sources_1/bd/design_1/ip/design_1_axi_gpio_0_0/design_1_axi_gpio_0_0_board.xdc] for cell 'design_1_i/axi_gpio_0/U0'
Finished Parsing XDC File [/home/timon/Documents/vivado_snake/project_final2.gen/sources_1/bd/design_1/ip/design_1_axi_gpio_0_0/design_1_axi_gpio_0_0_board.xdc] for cell 'design_1_i/axi_gpio_0/U0'
Parsing XDC File [/home/timon/Documents/vivado_snake/project_final2.gen/sources_1/bd/design_1/ip/design_1_axi_gpio_0_0/design_1_axi_gpio_0_0.xdc] for cell 'design_1_i/axi_gpio_0/U0'
Finished Parsing XDC File [/home/timon/Documents/vivado_snake/project_final2.gen/sources_1/bd/design_1/ip/design_1_axi_gpio_0_0/design_1_axi_gpio_0_0.xdc] for cell 'design_1_i/axi_gpio_0/U0'
Parsing XDC File [/home/timon/Documents/vivado_snake/project_final2.gen/sources_1/bd/design_1/ip/design_1_rst_ps7_0_50M_0/design_1_rst_ps7_0_50M_0_board.xdc] for cell 'design_1_i/rst_ps7_0_50M/U0'
Finished Parsing XDC File [/home/timon/Documents/vivado_snake/project_final2.gen/sources_1/bd/design_1/ip/design_1_rst_ps7_0_50M_0/design_1_rst_ps7_0_50M_0_board.xdc] for cell 'design_1_i/rst_ps7_0_50M/U0'
Parsing XDC File [/home/timon/Documents/vivado_snake/project_final2.gen/sources_1/bd/design_1/ip/design_1_rst_ps7_0_50M_0/design_1_rst_ps7_0_50M_0.xdc] for cell 'design_1_i/rst_ps7_0_50M/U0'
Finished Parsing XDC File [/home/timon/Documents/vivado_snake/project_final2.gen/sources_1/bd/design_1/ip/design_1_rst_ps7_0_50M_0/design_1_rst_ps7_0_50M_0.xdc] for cell 'design_1_i/rst_ps7_0_50M/U0'
Parsing XDC File [/home/timon/Documents/vivado_snake/project_final2.gen/sources_1/bd/design_1/ip/design_1_axi_gpio_1_0/design_1_axi_gpio_1_0_board.xdc] for cell 'design_1_i/axi_gpio_1/U0'
Finished Parsing XDC File [/home/timon/Documents/vivado_snake/project_final2.gen/sources_1/bd/design_1/ip/design_1_axi_gpio_1_0/design_1_axi_gpio_1_0_board.xdc] for cell 'design_1_i/axi_gpio_1/U0'
Parsing XDC File [/home/timon/Documents/vivado_snake/project_final2.gen/sources_1/bd/design_1/ip/design_1_axi_gpio_1_0/design_1_axi_gpio_1_0.xdc] for cell 'design_1_i/axi_gpio_1/U0'
Finished Parsing XDC File [/home/timon/Documents/vivado_snake/project_final2.gen/sources_1/bd/design_1/ip/design_1_axi_gpio_1_0/design_1_axi_gpio_1_0.xdc] for cell 'design_1_i/axi_gpio_1/U0'
Parsing XDC File [/home/timon/Documents/vivado_snake/project_final2.srcs/constrs_1/new/constraints.xdc]
WARNING: [Vivado 12-584] No ports matched 'gpio_rtl_0_tri_i[2]'. [/home/timon/Documents/vivado_snake/project_final2.srcs/constrs_1/new/constraints.xdc:30]
CRITICAL WARNING: [Common 17-55] 'set_property' expects at least one object. [/home/timon/Documents/vivado_snake/project_final2.srcs/constrs_1/new/constraints.xdc:30]
Resolution: If [get_<value>] was used to populate the object, check to make sure this command returns at least one valid object.
WARNING: [Vivado 12-584] No ports matched 'gpio_rtl_0_tri_i[3]'. [/home/timon/Documents/vivado_snake/project_final2.srcs/constrs_1/new/constraints.xdc:32]
CRITICAL WARNING: [Common 17-55] 'set_property' expects at least one object. [/home/timon/Documents/vivado_snake/project_final2.srcs/constrs_1/new/constraints.xdc:32]
Resolution: If [get_<value>] was used to populate the object, check to make sure this command returns at least one valid object.
WARNING: [Vivado 12-584] No ports matched 'gpio_rtl_0_tri_i[4]'. [/home/timon/Documents/vivado_snake/project_final2.srcs/constrs_1/new/constraints.xdc:33]
CRITICAL WARNING: [Common 17-55] 'set_property' expects at least one object. [/home/timon/Documents/vivado_snake/project_final2.srcs/constrs_1/new/constraints.xdc:33]
Resolution: If [get_<value>] was used to populate the object, check to make sure this command returns at least one valid object.
WARNING: [Vivado 12-584] No ports matched 'cathodes_0[7]'. [/home/timon/Documents/vivado_snake/project_final2.srcs/constrs_1/new/constraints.xdc:48]
CRITICAL WARNING: [Common 17-55] 'set_property' expects at least one object. [/home/timon/Documents/vivado_snake/project_final2.srcs/constrs_1/new/constraints.xdc:48]
Resolution: If [get_<value>] was used to populate the object, check to make sure this command returns at least one valid object.
Finished Parsing XDC File [/home/timon/Documents/vivado_snake/project_final2.srcs/constrs_1/new/constraints.xdc]
INFO: [Opt 31-138] Pushed 0 inverter(s) to 0 load pin(s).
Netlist sorting complete. Time (s): cpu = 00:00:00 ; elapsed = 00:00:00 . Memory (MB): peak = 2683.348 ; gain = 0.000 ; free physical = 3269 ; free virtual = 10134
INFO: [Project 1-111] Unisim Transformation Summary:
No Unisim elements were transformed.

25 Infos, 7 Warnings, 4 Critical Warnings and 0 Errors encountered.
link_design completed successfully
link_design: Time (s): cpu = 00:00:13 ; elapsed = 00:00:10 . Memory (MB): peak = 2683.348 ; gain = 1154.109 ; free physical = 3269 ; free virtual = 10134
Command: opt_design
Attempting to get a license for feature 'Implementation' and/or device 'xc7z007s'
INFO: [Common 17-349] Got license for feature 'Implementation' and/or device 'xc7z007s'
Running DRC as a precondition to command opt_design

Starting DRC Task
INFO: [DRC 23-27] Running DRC with 8 threads
INFO: [Project 1-461] DRC finished with 0 Errors
INFO: [Project 1-462] Please refer to the DRC report (report_drc) for more information.

Time (s): cpu = 00:00:00.87 ; elapsed = 00:00:00.53 . Memory (MB): peak = 2683.348 ; gain = 0.000 ; free physical = 3274 ; free virtual = 10139

Starting Cache Timing Information Task
INFO: [Timing 38-35] Done setting XDC timing constraints.
Ending Cache Timing Information Task | Checksum: 14e8610d1

Time (s): cpu = 00:00:00.12 ; elapsed = 00:00:00.07 . Memory (MB): peak = 2683.348 ; gain = 0.000 ; free physical = 3274 ; free virtual = 10139

Starting Logic Optimization Task

Phase 1 Retarget
INFO: [Opt 31-1566] Pulled 1 inverters resulting in an inversion of 5 pins
INFO: [Opt 31-138] Pushed 0 inverter(s) to 0 load pin(s).
INFO: [Opt 31-49] Retargeted 0 cell(s).
Phase 1 Retarget | Checksum: 1d25034a9

Time (s): cpu = 00:00:00.16 ; elapsed = 00:00:00.08 . Memory (MB): peak = 2688.941 ; gain = 0.000 ; free physical = 3026 ; free virtual = 9891
INFO: [Opt 31-389] Phase Retarget created 6 cells and removed 39 cells
INFO: [Opt 31-1021] In phase Retarget, 1 netlist objects are constrained preventing optimization. Please run opt_design with -debug_log to get more detail. 

Phase 2 Constant propagation
INFO: [Opt 31-138] Pushed 0 inverter(s) to 0 load pin(s).
Phase 2 Constant propagation | Checksum: 1d25034a9

Time (s): cpu = 00:00:00.18 ; elapsed = 00:00:00.09 . Memory (MB): peak = 2688.941 ; gain = 0.000 ; free physical = 3026 ; free virtual = 9891
INFO: [Opt 31-389] Phase Constant propagation created 0 cells and removed 0 cells

Phase 3 Sweep
Phase 3 Sweep | Checksum: 289a770b8

Time (s): cpu = 00:00:00.25 ; elapsed = 00:00:00.17 . Memory (MB): peak = 2688.941 ; gain = 0.000 ; free physical = 3026 ; free virtual = 9891
INFO: [Opt 31-389] Phase Sweep created 0 cells and removed 103 cells

Phase 4 BUFG optimization
Phase 4 BUFG optimization | Checksum: 289a770b8

Time (s): cpu = 00:00:00.28 ; elapsed = 00:00:00.19 . Memory (MB): peak = 2688.941 ; gain = 0.000 ; free physical = 3026 ; free virtual = 9891
INFO: [Opt 31-662] Phase BUFG optimization created 0 cells of which 0 are BUFGs and removed 0 cells.

Phase 5 Shift Register Optimization
INFO: [Opt 31-1064] SRL Remap converted 0 SRLs to 0 registers and converted 0 registers of register chains to 0 SRLs
Phase 5 Shift Register Optimization | Checksum: 1d74a26d9

Time (s): cpu = 00:00:00.36 ; elapsed = 00:00:00.23 . Memory (MB): peak = 2688.941 ; gain = 0.000 ; free physical = 3026 ; free virtual = 9891
INFO: [Opt 31-389] Phase Shift Register Optimization created 0 cells and removed 0 cells

Phase 6 Post Processing Netlist
Phase 6 Post Processing Netlist | Checksum: 179cc2493

Time (s): cpu = 00:00:00.37 ; elapsed = 00:00:00.24 . Memory (MB): peak = 2688.941 ; gain = 0.000 ; free physical = 3026 ; free virtual = 9891
INFO: [Opt 31-389] Phase Post Processing Netlist created 0 cells and removed 0 cells
Opt_design Change Summary
=========================


-------------------------------------------------------------------------------------------------------------------------
|  Phase                        |  #Cells created  |  #Cells Removed  |  #Constrained objects preventing optimizations  |
-------------------------------------------------------------------------------------------------------------------------
|  Retarget                     |               6  |              39  |                                              1  |
|  Constant propagation         |               0  |               0  |                                              0  |
|  Sweep                        |               0  |             103  |                                              0  |
|  BUFG optimization            |               0  |               0  |                                              0  |
|  Shift Register Optimization  |               0  |               0  |                                              0  |
|  Post Processing Netlist      |               0  |               0  |                                              0  |
-------------------------------------------------------------------------------------------------------------------------



Starting Connectivity Check Task

Time (s): cpu = 00:00:00 ; elapsed = 00:00:00.01 . Memory (MB): peak = 2688.941 ; gain = 0.000 ; free physical = 3026 ; free virtual = 9891
Ending Logic Optimization Task | Checksum: 1d23dba34

Time (s): cpu = 00:00:00.38 ; elapsed = 00:00:00.25 . Memory (MB): peak = 2688.941 ; gain = 0.000 ; free physical = 3026 ; free virtual = 9891

Starting Power Optimization Task
INFO: [Pwropt 34-132] Skipping clock gating for clocks with a period < 2.00 ns.
Ending Power Optimization Task | Checksum: 1d23dba34

Time (s): cpu = 00:00:00 ; elapsed = 00:00:00.01 . Memory (MB): peak = 2688.941 ; gain = 0.000 ; free physical = 3026 ; free virtual = 9891

Starting Final Cleanup Task
Ending Final Cleanup Task | Checksum: 1d23dba34

Time (s): cpu = 00:00:00 ; elapsed = 00:00:00 . Memory (MB): peak = 2688.941 ; gain = 0.000 ; free physical = 3026 ; free virtual = 9891

Starting Netlist Obfuscation Task
Netlist sorting complete. Time (s): cpu = 00:00:00 ; elapsed = 00:00:00 . Memory (MB): peak = 2688.941 ; gain = 0.000 ; free physical = 3026 ; free virtual = 9891
Ending Netlist Obfuscation Task | Checksum: 1d23dba34

Time (s): cpu = 00:00:00 ; elapsed = 00:00:00 . Memory (MB): peak = 2688.941 ; gain = 0.000 ; free physical = 3026 ; free virtual = 9891
INFO: [Common 17-83] Releasing license: Implementation
44 Infos, 7 Warnings, 4 Critical Warnings and 0 Errors encountered.
opt_design completed successfully
INFO: [runtcl-4] Executing : report_drc -file design_1_wrapper_drc_opted.rpt -pb design_1_wrapper_drc_opted.pb -rpx design_1_wrapper_drc_opted.rpx
Command: report_drc -file design_1_wrapper_drc_opted.rpt -pb design_1_wrapper_drc_opted.pb -rpx design_1_wrapper_drc_opted.rpx
INFO: [IP_Flow 19-1839] IP Catalog is up to date.
INFO: [DRC 23-27] Running DRC with 8 threads
INFO: [Vivado_Tcl 2-168] The results of DRC are in file /home/timon/Documents/vivado_snake/project_final2.runs/impl_1/design_1_wrapper_drc_opted.rpt.
report_drc completed successfully
INFO: [Timing 38-35] Done setting XDC timing constraints.
INFO: [Timing 38-480] Writing timing data to binary archive.
Writing XDEF routing.
Writing XDEF routing logical nets.
Writing XDEF routing special nets.
Write XDEF Complete: Time (s): cpu = 00:00:00.15 ; elapsed = 00:00:00.03 . Memory (MB): peak = 2783.922 ; gain = 0.000 ; free physical = 3048 ; free virtual = 9916
INFO: [Common 17-1381] The checkpoint '/home/timon/Documents/vivado_snake/project_final2.runs/impl_1/design_1_wrapper_opt.dcp' has been generated.
Command: place_design
Attempting to get a license for feature 'Implementation' and/or device 'xc7z007s'
INFO: [Common 17-349] Got license for feature 'Implementation' and/or device 'xc7z007s'
INFO: [DRC 23-27] Running DRC with 8 threads
INFO: [Vivado_Tcl 4-198] DRC finished with 0 Errors
INFO: [Vivado_Tcl 4-199] Please refer to the DRC report (report_drc) for more information.
Running DRC as a precondition to command place_design
INFO: [DRC 23-27] Running DRC with 8 threads
INFO: [Vivado_Tcl 4-198] DRC finished with 0 Errors
INFO: [Vivado_Tcl 4-199] Please refer to the DRC report (report_drc) for more information.

Starting Placer Task
INFO: [Place 30-611] Multithreading enabled for place_design using a maximum of 8 CPUs

Phase 1 Placer Initialization

Phase 1.1 Placer Initialization Netlist Sorting
Netlist sorting complete. Time (s): cpu = 00:00:00 ; elapsed = 00:00:00 . Memory (MB): peak = 2783.922 ; gain = 0.000 ; free physical = 3055 ; free virtual = 9922
Phase 1.1 Placer Initialization Netlist Sorting | Checksum: 1125deab8

Time (s): cpu = 00:00:00 ; elapsed = 00:00:00.01 . Memory (MB): peak = 2783.922 ; gain = 0.000 ; free physical = 3055 ; free virtual = 9922
Netlist sorting complete. Time (s): cpu = 00:00:00 ; elapsed = 00:00:00 . Memory (MB): peak = 2783.922 ; gain = 0.000 ; free physical = 3055 ; free virtual = 9922

Phase 1.2 IO Placement/ Clock Placement/ Build Placer Device
Phase 1.2 IO Placement/ Clock Placement/ Build Placer Device | Checksum: 11f1038f2

Time (s): cpu = 00:00:00.45 ; elapsed = 00:00:00.23 . Memory (MB): peak = 2783.922 ; gain = 0.000 ; free physical = 3064 ; free virtual = 9930

Phase 1.3 Build Placer Netlist Model
Phase 1.3 Build Placer Netlist Model | Checksum: fac115dc

Time (s): cpu = 00:00:00.97 ; elapsed = 00:00:00.45 . Memory (MB): peak = 2788.750 ; gain = 4.828 ; free physical = 3064 ; free virtual = 9930

Phase 1.4 Constrain Clocks/Macros
Phase 1.4 Constrain Clocks/Macros | Checksum: fac115dc

Time (s): cpu = 00:00:00.98 ; elapsed = 00:00:00.46 . Memory (MB): peak = 2788.750 ; gain = 4.828 ; free physical = 3064 ; free virtual = 9930
Phase 1 Placer Initialization | Checksum: fac115dc

Time (s): cpu = 00:00:00.98 ; elapsed = 00:00:00.46 . Memory (MB): peak = 2788.750 ; gain = 4.828 ; free physical = 3064 ; free virtual = 9930

Phase 2 Global Placement

Phase 2.1 Floorplanning
Phase 2.1 Floorplanning | Checksum: 15e76b0c3

Time (s): cpu = 00:00:01 ; elapsed = 00:00:00.53 . Memory (MB): peak = 2788.750 ; gain = 4.828 ; free physical = 3272 ; free virtual = 10138

Phase 2.2 Update Timing before SLR Path Opt
Phase 2.2 Update Timing before SLR Path Opt | Checksum: 14b864563

Time (s): cpu = 00:00:01 ; elapsed = 00:00:00.57 . Memory (MB): peak = 2788.750 ; gain = 4.828 ; free physical = 3275 ; free virtual = 10142

Phase 2.3 Post-Processing in Floorplanning
Phase 2.3 Post-Processing in Floorplanning | Checksum: 14b47feca

Time (s): cpu = 00:00:01 ; elapsed = 00:00:00.57 . Memory (MB): peak = 2788.750 ; gain = 4.828 ; free physical = 3275 ; free virtual = 10142

Phase 2.4 Global Placement Core

Phase 2.4.1 UpdateTiming Before Physical Synthesis
Phase 2.4.1 UpdateTiming Before Physical Synthesis | Checksum: 1278fb127

Time (s): cpu = 00:00:06 ; elapsed = 00:00:02 . Memory (MB): peak = 2796.754 ; gain = 12.832 ; free physical = 3381 ; free virtual = 10248

Phase 2.4.2 Physical Synthesis In Placer
INFO: [Physopt 32-1035] Found 1 LUTNM shape to break, 33 LUT instances to create LUTNM shape
INFO: [Physopt 32-1044] Break lutnm for timing: one critical 0, two critical 1, total 1, new lutff created 0
INFO: [Physopt 32-1138] End 1 Pass. Optimized 15 nets or LUTs. Breaked 1 LUT, combined 14 existing LUTs and moved 0 existing LUT
INFO: [Physopt 32-65] No nets found for high-fanout optimization.
INFO: [Physopt 32-232] Optimized 0 net. Created 0 new instance.
INFO: [Physopt 32-775] End 1 Pass. Optimized 0 net or cell. Created 0 new cell, deleted 0 existing cell and moved 0 existing cell
INFO: [Physopt 32-456] No candidate cells for DSP register optimization found in the design.
INFO: [Physopt 32-775] End 2 Pass. Optimized 0 net or cell. Created 0 new cell, deleted 0 existing cell and moved 0 existing cell
INFO: [Physopt 32-1123] No candidate cells found for Shift Register to Pipeline optimization
INFO: [Physopt 32-775] End 2 Pass. Optimized 0 net or cell. Created 0 new cell, deleted 0 existing cell and moved 0 existing cell
INFO: [Physopt 32-775] End 1 Pass. Optimized 14 nets or cells. Created 25 new cells, deleted 0 existing cell and moved 0 existing cell
Netlist sorting complete. Time (s): cpu = 00:00:00.01 ; elapsed = 00:00:00 . Memory (MB): peak = 2796.754 ; gain = 0.000 ; free physical = 3378 ; free virtual = 10245
INFO: [Physopt 32-526] No candidate cells for BRAM register optimization found in the design
INFO: [Physopt 32-775] End 1 Pass. Optimized 0 net or cell. Created 0 new cell, deleted 0 existing cell and moved 0 existing cell
INFO: [Physopt 32-846] No candidate cells for URAM register optimization found in the design
INFO: [Physopt 32-775] End 1 Pass. Optimized 0 net or cell. Created 0 new cell, deleted 0 existing cell and moved 0 existing cell
INFO: [Physopt 32-846] No candidate cells for URAM register optimization found in the design
INFO: [Physopt 32-775] End 1 Pass. Optimized 0 net or cell. Created 0 new cell, deleted 0 existing cell and moved 0 existing cell
INFO: [Physopt 32-949] No candidate nets found for dynamic/static region interface net replication
INFO: [Physopt 32-775] End 1 Pass. Optimized 0 net or cell. Created 0 new cell, deleted 0 existing cell and moved 0 existing cell
Netlist sorting complete. Time (s): cpu = 00:00:00 ; elapsed = 00:00:00 . Memory (MB): peak = 2796.754 ; gain = 0.000 ; free physical = 3378 ; free virtual = 10245

Summary of Physical Synthesis Optimizations
============================================


-----------------------------------------------------------------------------------------------------------------------------------------------------------
|  Optimization                                     |  Added Cells  |  Removed Cells  |  Optimized Cells/Nets  |  Dont Touch  |  Iterations  |  Elapsed   |
-----------------------------------------------------------------------------------------------------------------------------------------------------------
|  LUT Combining                                    |            1  |             14  |                    15  |           0  |           1  |  00:00:00  |
|  Retime                                           |            0  |              0  |                     0  |           0  |           1  |  00:00:00  |
|  Very High Fanout                                 |            0  |              0  |                     0  |           0  |           1  |  00:00:00  |
|  DSP Register                                     |            0  |              0  |                     0  |           0  |           1  |  00:00:00  |
|  Shift Register to Pipeline                       |            0  |              0  |                     0  |           0  |           1  |  00:00:00  |
|  Shift Register                                   |           25  |              0  |                    14  |           0  |           1  |  00:00:00  |
|  BRAM Register                                    |            0  |              0  |                     0  |           0  |           1  |  00:00:00  |
|  URAM Register                                    |            0  |              0  |                     0  |           0  |           1  |  00:00:00  |
|  Dynamic/Static Region Interface Net Replication  |            0  |              0  |                     0  |           0  |           1  |  00:00:00  |
|  Total                                            |           26  |             14  |                    29  |           0  |           9  |  00:00:00  |
-----------------------------------------------------------------------------------------------------------------------------------------------------------


Phase 2.4.2 Physical Synthesis In Placer | Checksum: 19ecebe75

Time (s): cpu = 00:00:06 ; elapsed = 00:00:02 . Memory (MB): peak = 2796.754 ; gain = 12.832 ; free physical = 3378 ; free virtual = 10245
Phase 2.4 Global Placement Core | Checksum: 1d386948c

Time (s): cpu = 00:00:06 ; elapsed = 00:00:02 . Memory (MB): peak = 2796.754 ; gain = 12.832 ; free physical = 3377 ; free virtual = 10244
Phase 2 Global Placement | Checksum: 1d386948c

Time (s): cpu = 00:00:06 ; elapsed = 00:00:02 . Memory (MB): peak = 2796.754 ; gain = 12.832 ; free physical = 3377 ; free virtual = 10244

Phase 3 Detail Placement

Phase 3.1 Commit Multi Column Macros
Phase 3.1 Commit Multi Column Macros | Checksum: 1594c8b2a

Time (s): cpu = 00:00:06 ; elapsed = 00:00:02 . Memory (MB): peak = 2796.754 ; gain = 12.832 ; free physical = 3377 ; free virtual = 10244

Phase 3.2 Commit Most Macros & LUTRAMs
Phase 3.2 Commit Most Macros & LUTRAMs | Checksum: 20b9fd977

Time (s): cpu = 00:00:07 ; elapsed = 00:00:02 . Memory (MB): peak = 2796.754 ; gain = 12.832 ; free physical = 3367 ; free virtual = 10234

Phase 3.3 Area Swap Optimization
Phase 3.3 Area Swap Optimization | Checksum: 2386f3ad8

Time (s): cpu = 00:00:07 ; elapsed = 00:00:02 . Memory (MB): peak = 2796.754 ; gain = 12.832 ; free physical = 3367 ; free virtual = 10234

Phase 3.4 Pipeline Register Optimization
Phase 3.4 Pipeline Register Optimization | Checksum: 242385248

Time (s): cpu = 00:00:07 ; elapsed = 00:00:02 . Memory (MB): peak = 2796.754 ; gain = 12.832 ; free physical = 3367 ; free virtual = 10234

Phase 3.5 Fast Optimization
Phase 3.5 Fast Optimization | Checksum: 1aac5282c

Time (s): cpu = 00:00:07 ; elapsed = 00:00:02 . Memory (MB): peak = 2796.754 ; gain = 12.832 ; free physical = 3378 ; free virtual = 10245

Phase 3.6 Small Shape Detail Placement
Phase 3.6 Small Shape Detail Placement | Checksum: 22ce57fe8

Time (s): cpu = 00:00:08 ; elapsed = 00:00:03 . Memory (MB): peak = 2796.754 ; gain = 12.832 ; free physical = 3375 ; free virtual = 10242

Phase 3.7 Re-assign LUT pins
Phase 3.7 Re-assign LUT pins | Checksum: 24e3d943f

Time (s): cpu = 00:00:08 ; elapsed = 00:00:03 . Memory (MB): peak = 2796.754 ; gain = 12.832 ; free physical = 3375 ; free virtual = 10242

Phase 3.8 Pipeline Register Optimization
Phase 3.8 Pipeline Register Optimization | Checksum: 1f45c008a

Time (s): cpu = 00:00:08 ; elapsed = 00:00:03 . Memory (MB): peak = 2796.754 ; gain = 12.832 ; free physical = 3375 ; free virtual = 10242

Phase 3.9 Fast Optimization
Phase 3.9 Fast Optimization | Checksum: 16c2db698

Time (s): cpu = 00:00:08 ; elapsed = 00:00:03 . Memory (MB): peak = 2796.754 ; gain = 12.832 ; free physical = 3367 ; free virtual = 10234
Phase 3 Detail Placement | Checksum: 16c2db698

Time (s): cpu = 00:00:08 ; elapsed = 00:00:03 . Memory (MB): peak = 2796.754 ; gain = 12.832 ; free physical = 3367 ; free virtual = 10234

Phase 4 Post Placement Optimization and Clean-Up

Phase 4.1 Post Commit Optimization
INFO: [Timing 38-35] Done setting XDC timing constraints.

Phase 4.1.1 Post Placement Optimization
Post Placement Optimization Initialization | Checksum: 4c5adba5

Phase 4.1.1.1 BUFG Insertion

Starting Physical Synthesis Task

Phase 1 Physical Synthesis Initialization
INFO: [Physopt 32-721] Multithreading enabled for phys_opt_design using a maximum of 8 CPUs
INFO: [Physopt 32-619] Estimated Timing Summary | WNS=-3.099 | TNS=-61.978 |
Phase 1 Physical Synthesis Initialization | Checksum: 62a19030

Time (s): cpu = 00:00:00.14 ; elapsed = 00:00:00.06 . Memory (MB): peak = 2796.754 ; gain = 0.000 ; free physical = 3362 ; free virtual = 10229
INFO: [Place 46-56] BUFG insertion identified 0 candidate nets. Inserted BUFG: 0, Replicated BUFG Driver: 0, Skipped due to Placement/Routing Conflicts: 0, Skipped due to Timing Degradation: 0, Skipped due to netlist editing failed: 0.
Ending Physical Synthesis Task | Checksum: 62a19030

Time (s): cpu = 00:00:00.16 ; elapsed = 00:00:00.08 . Memory (MB): peak = 2796.754 ; gain = 0.000 ; free physical = 3362 ; free virtual = 10229
Phase 4.1.1.1 BUFG Insertion | Checksum: 4c5adba5

Time (s): cpu = 00:00:09 ; elapsed = 00:00:03 . Memory (MB): peak = 2796.754 ; gain = 12.832 ; free physical = 3362 ; free virtual = 10229

Phase 4.1.1.2 Post Placement Timing Optimization
INFO: [Place 30-746] Post Placement Timing Summary WNS=-2.375. For the most accurate timing information please run report_timing.
Phase 4.1.1.2 Post Placement Timing Optimization | Checksum: 11400952e

Time (s): cpu = 00:00:13 ; elapsed = 00:00:06 . Memory (MB): peak = 2796.754 ; gain = 12.832 ; free physical = 3351 ; free virtual = 10218

Time (s): cpu = 00:00:13 ; elapsed = 00:00:06 . Memory (MB): peak = 2796.754 ; gain = 12.832 ; free physical = 3351 ; free virtual = 10218
Phase 4.1 Post Commit Optimization | Checksum: 11400952e

Time (s): cpu = 00:00:13 ; elapsed = 00:00:06 . Memory (MB): peak = 2796.754 ; gain = 12.832 ; free physical = 3351 ; free virtual = 10218

Phase 4.2 Post Placement Cleanup
Phase 4.2 Post Placement Cleanup | Checksum: 11400952e

Time (s): cpu = 00:00:13 ; elapsed = 00:00:06 . Memory (MB): peak = 2796.754 ; gain = 12.832 ; free physical = 3351 ; free virtual = 10218

Phase 4.3 Placer Reporting

Phase 4.3.1 Print Estimated Congestion
INFO: [Place 30-612] Post-Placement Estimated Congestion 
 ____________________________________________________
|           | Global Congestion | Short Congestion  |
| Direction | Region Size       | Region Size       |
|___________|___________________|___________________|
|      North|                1x1|                1x1|
|___________|___________________|___________________|
|      South|                1x1|                1x1|
|___________|___________________|___________________|
|       East|                1x1|                1x1|
|___________|___________________|___________________|
|       West|                1x1|                1x1|
|___________|___________________|___________________|

Phase 4.3.1 Print Estimated Congestion | Checksum: 11400952e

Time (s): cpu = 00:00:13 ; elapsed = 00:00:06 . Memory (MB): peak = 2796.754 ; gain = 12.832 ; free physical = 3351 ; free virtual = 10218
Phase 4.3 Placer Reporting | Checksum: 11400952e

Time (s): cpu = 00:00:13 ; elapsed = 00:00:07 . Memory (MB): peak = 2796.754 ; gain = 12.832 ; free physical = 3351 ; free virtual = 10218

Phase 4.4 Final Placement Cleanup
Netlist sorting complete. Time (s): cpu = 00:00:00 ; elapsed = 00:00:00 . Memory (MB): peak = 2796.754 ; gain = 0.000 ; free physical = 3351 ; free virtual = 10218

Time (s): cpu = 00:00:13 ; elapsed = 00:00:07 . Memory (MB): peak = 2796.754 ; gain = 12.832 ; free physical = 3351 ; free virtual = 10218
Phase 4 Post Placement Optimization and Clean-Up | Checksum: 13b71bb41

Time (s): cpu = 00:00:13 ; elapsed = 00:00:07 . Memory (MB): peak = 2796.754 ; gain = 12.832 ; free physical = 3351 ; free virtual = 10218
Ending Placer Task | Checksum: add51275

Time (s): cpu = 00:00:13 ; elapsed = 00:00:07 . Memory (MB): peak = 2796.754 ; gain = 12.832 ; free physical = 3351 ; free virtual = 10218
INFO: [Common 17-83] Releasing license: Implementation
85 Infos, 7 Warnings, 4 Critical Warnings and 0 Errors encountered.
place_design completed successfully
place_design: Time (s): cpu = 00:00:14 ; elapsed = 00:00:07 . Memory (MB): peak = 2796.754 ; gain = 12.832 ; free physical = 3351 ; free virtual = 10218
INFO: [runtcl-4] Executing : report_io -file design_1_wrapper_io_placed.rpt
report_io: Time (s): cpu = 00:00:00.05 ; elapsed = 00:00:00.13 . Memory (MB): peak = 2796.754 ; gain = 0.000 ; free physical = 3327 ; free virtual = 10194
INFO: [runtcl-4] Executing : report_utilization -file design_1_wrapper_utilization_placed.rpt -pb design_1_wrapper_utilization_placed.pb
INFO: [runtcl-4] Executing : report_control_sets -verbose -file design_1_wrapper_control_sets_placed.rpt
report_control_sets: Time (s): cpu = 00:00:00.01 ; elapsed = 00:00:00.08 . Memory (MB): peak = 2796.754 ; gain = 0.000 ; free physical = 3326 ; free virtual = 10193
INFO: [Timing 38-480] Writing timing data to binary archive.
Writing XDEF routing.
Writing XDEF routing logical nets.
Writing XDEF routing special nets.
Write XDEF Complete: Time (s): cpu = 00:00:00.45 ; elapsed = 00:00:00.14 . Memory (MB): peak = 2796.754 ; gain = 0.000 ; free physical = 3321 ; free virtual = 10193
INFO: [Common 17-1381] The checkpoint '/home/timon/Documents/vivado_snake/project_final2.runs/impl_1/design_1_wrapper_placed.dcp' has been generated.
Command: phys_opt_design
Attempting to get a license for feature 'Implementation' and/or device 'xc7z007s'
INFO: [Common 17-349] Got license for feature 'Implementation' and/or device 'xc7z007s'

Starting Initial Update Timing Task

Time (s): cpu = 00:00:00.42 ; elapsed = 00:00:00.14 . Memory (MB): peak = 2796.754 ; gain = 0.000 ; free physical = 3324 ; free virtual = 10193
INFO: [Vivado_Tcl 4-1435] PhysOpt_Tcl_Interface Runtime Before Starting Physical Synthesis Task | CPU: 0.47s |  WALL: 0.15s
Netlist sorting complete. Time (s): cpu = 00:00:00 ; elapsed = 00:00:00 . Memory (MB): peak = 2796.754 ; gain = 0.000 ; free physical = 3324 ; free virtual = 10193

Starting Physical Synthesis Task

Phase 1 Physical Synthesis Initialization
INFO: [Physopt 32-721] Multithreading enabled for phys_opt_design using a maximum of 8 CPUs
INFO: [Physopt 32-619] Estimated Timing Summary | WNS=-2.375 | TNS=-49.541 |
Phase 1 Physical Synthesis Initialization | Checksum: dd55ba67

Time (s): cpu = 00:00:00.41 ; elapsed = 00:00:00.16 . Memory (MB): peak = 2796.754 ; gain = 0.000 ; free physical = 3324 ; free virtual = 10193
INFO: [Physopt 32-619] Estimated Timing Summary | WNS=-2.375 | TNS=-49.541 |

Phase 2 DSP Register Optimization
INFO: [Physopt 32-456] No candidate cells for DSP register optimization found in the design.
INFO: [Physopt 32-775] End 2 Pass. Optimized 0 net or cell. Created 0 new cell, deleted 0 existing cell and moved 0 existing cell
Phase 2 DSP Register Optimization | Checksum: dd55ba67

Time (s): cpu = 00:00:00.43 ; elapsed = 00:00:00.18 . Memory (MB): peak = 2796.754 ; gain = 0.000 ; free physical = 3324 ; free virtual = 10193

Phase 3 Critical Path Optimization
INFO: [Physopt 32-619] Estimated Timing Summary | WNS=-2.375 | TNS=-49.541 |
INFO: [Physopt 32-663] Processed net design_1_i/hdmi_tx_0/inst/srldly_0/data_o[4].  Re-placed instance design_1_i/hdmi_tx_0/inst/srldly_0/srl[17].srl16_i
INFO: [Physopt 32-735] Processed net design_1_i/hdmi_tx_0/inst/srldly_0/data_o[4]. Optimization improves timing on the net.
INFO: [Physopt 32-619] Estimated Timing Summary | WNS=-2.288 | TNS=-49.236 |
INFO: [Physopt 32-663] Processed net design_1_i/hdmi_tx_0/inst/srldly_0/srlopt_n_3.  Re-placed instance design_1_i/hdmi_tx_0/inst/srldly_0/srl[33].srl16_i_srlopt
INFO: [Physopt 32-735] Processed net design_1_i/hdmi_tx_0/inst/srldly_0/srlopt_n_3. Optimization improves timing on the net.
INFO: [Physopt 32-619] Estimated Timing Summary | WNS=-2.259 | TNS=-48.994 |
INFO: [Physopt 32-663] Processed net design_1_i/hdmi_tx_0/inst/srldly_0/srlopt_n_23.  Re-placed instance design_1_i/hdmi_tx_0/inst/srldly_0/srl[36].srl16_i_srlopt
INFO: [Physopt 32-735] Processed net design_1_i/hdmi_tx_0/inst/srldly_0/srlopt_n_23. Optimization improves timing on the net.
INFO: [Physopt 32-619] Estimated Timing Summary | WNS=-2.236 | TNS=-48.798 |
INFO: [Physopt 32-663] Processed net design_1_i/hdmi_tx_0/inst/srldly_0/srlopt_n_21.  Re-placed instance design_1_i/hdmi_tx_0/inst/srldly_0/srl[37].srl16_i_srlopt
INFO: [Physopt 32-735] Processed net design_1_i/hdmi_tx_0/inst/srldly_0/srlopt_n_21. Optimization improves timing on the net.
INFO: [Physopt 32-619] Estimated Timing Summary | WNS=-2.234 | TNS=-48.625 |
INFO: [Physopt 32-663] Processed net design_1_i/hdmi_tx_0/inst/srldly_0/srlopt_n_19.  Re-placed instance design_1_i/hdmi_tx_0/inst/srldly_0/srl[19].srl16_i_srlopt
INFO: [Physopt 32-735] Processed net design_1_i/hdmi_tx_0/inst/srldly_0/srlopt_n_19. Optimization improves timing on the net.
INFO: [Physopt 32-619] Estimated Timing Summary | WNS=-2.191 | TNS=-48.460 |
INFO: [Physopt 32-663] Processed net design_1_i/hdmi_tx_0/inst/srldly_0/srlopt_n_14.  Re-placed instance design_1_i/hdmi_tx_0/inst/srldly_0/srl[21].srl16_i_srlopt
INFO: [Physopt 32-735] Processed net design_1_i/hdmi_tx_0/inst/srldly_0/srlopt_n_14. Optimization improves timing on the net.
INFO: [Physopt 32-619] Estimated Timing Summary | WNS=-2.108 | TNS=-48.359 |
INFO: [Physopt 32-663] Processed net design_1_i/hdmi_tx_0/inst/srldly_0/srlopt_n_8.  Re-placed instance design_1_i/hdmi_tx_0/inst/srldly_0/srl[30].srl16_i_srlopt
INFO: [Physopt 32-735] Processed net design_1_i/hdmi_tx_0/inst/srldly_0/srlopt_n_8. Optimization improves timing on the net.
INFO: [Physopt 32-619] Estimated Timing Summary | WNS=-2.106 | TNS=-48.166 |
INFO: [Physopt 32-663] Processed net design_1_i/hdmi_tx_0/inst/srldly_0/srlopt_n_5.  Re-placed instance design_1_i/hdmi_tx_0/inst/srldly_0/srl[22].srl16_i_srlopt
INFO: [Physopt 32-735] Processed net design_1_i/hdmi_tx_0/inst/srldly_0/srlopt_n_5. Optimization improves timing on the net.
INFO: [Physopt 32-619] Estimated Timing Summary | WNS=-2.103 | TNS=-48.140 |
INFO: [Physopt 32-702] Processed net design_1_i/hdmi_tx_0/inst/srldly_0/srlopt_n_16. Optimizations did not improve timing on the net.
INFO: [Physopt 32-702] Processed net design_1_i/clk_wiz_0/inst/clk_out100_design_1_clk_wiz_0_0. Optimizations did not improve timing on the net.
INFO: [Physopt 32-702] Processed net design_1_i/vga_controller_0/U0/red0_carry__1_n_2. Optimizations did not improve timing on the net.
INFO: [Physopt 32-702] Processed net design_1_i/vga_controller_0/U0/red0_carry__0_n_0. Optimizations did not improve timing on the net.
INFO: [Physopt 32-702] Processed net design_1_i/vga_controller_0/U0/red0_carry_n_0. Optimizations did not improve timing on the net.
INFO: [Physopt 32-702] Processed net design_1_i/vga_controller_0/U0/red0_carry_i_5_n_0. Optimizations did not improve timing on the net.
INFO: [Physopt 32-608] Optimized 1 net.  Swapped 8 pins.
INFO: [Physopt 32-735] Processed net design_1_i/vga_controller_0/U0/red[0]. Optimization improves timing on the net.
INFO: [Physopt 32-619] Estimated Timing Summary | WNS=-2.083 | TNS=-46.300 |
INFO: [Physopt 32-663] Processed net design_1_i/hdmi_tx_0/inst/srldly_0/srlopt_n_4.  Re-placed instance design_1_i/hdmi_tx_0/inst/srldly_0/srl[26].srl16_i_srlopt
INFO: [Physopt 32-735] Processed net design_1_i/hdmi_tx_0/inst/srldly_0/srlopt_n_4. Optimization improves timing on the net.
INFO: [Physopt 32-619] Estimated Timing Summary | WNS=-2.067 | TNS=-46.160 |
INFO: [Physopt 32-663] Processed net design_1_i/hdmi_tx_0/inst/srldly_0/srlopt_n.  Re-placed instance design_1_i/hdmi_tx_0/inst/srldly_0/srl[27].srl16_i_srlopt
INFO: [Physopt 32-735] Processed net design_1_i/hdmi_tx_0/inst/srldly_0/srlopt_n. Optimization improves timing on the net.
INFO: [Physopt 32-619] Estimated Timing Summary | WNS=-2.060 | TNS=-46.051 |
INFO: [Physopt 32-663] Processed net design_1_i/hdmi_tx_0/inst/srldly_0/srlopt_n_13.  Re-placed instance design_1_i/hdmi_tx_0/inst/srldly_0/srl[25].srl16_i_srlopt
INFO: [Physopt 32-735] Processed net design_1_i/hdmi_tx_0/inst/srldly_0/srlopt_n_13. Optimization improves timing on the net.
INFO: [Physopt 32-619] Estimated Timing Summary | WNS=-2.044 | TNS=-45.945 |
INFO: [Physopt 32-663] Processed net design_1_i/hdmi_tx_0/inst/srldly_0/srlopt_n_2.  Re-placed instance design_1_i/hdmi_tx_0/inst/srldly_0/srl[29].srl16_i_srlopt
INFO: [Physopt 32-735] Processed net design_1_i/hdmi_tx_0/inst/srldly_0/srlopt_n_2. Optimization improves timing on the net.
INFO: [Physopt 32-619] Estimated Timing Summary | WNS=-1.988 | TNS=-45.837 |
INFO: [Physopt 32-702] Processed net design_1_i/vga_controller_0/U0/red[0]. Optimizations did not improve timing on the net.
INFO: [Physopt 32-702] Processed net design_1_i/vga_controller_0/U0/red1_n_99. Optimizations did not improve timing on the net.
INFO: [Physopt 32-702] Processed net design_1_i/vga_controller_0/U0/red3_inferred__2/i__carry__1_n_5. Optimizations did not improve timing on the net.
INFO: [Physopt 32-702] Processed net design_1_i/vga_controller_0/U0/red3_inferred__2/i__carry__0_n_0. Optimizations did not improve timing on the net.
INFO: [Physopt 32-702] Processed net design_1_i/vga_controller_0/U0/red3_inferred__2/i__carry_n_0. Optimizations did not improve timing on the net.
INFO: [Physopt 32-702] Processed net design_1_i/vga_controller_0/U0/i__carry_i_3__3_n_0. Optimizations did not improve timing on the net.
INFO: [Physopt 32-702] Processed net design_1_i/vga_controller_0/U0/red2_n_106. Optimizations did not improve timing on the net.
INFO: [Physopt 32-663] Processed net design_1_i/test_axi_gpio_0/U0/pellet_x[1].  Re-placed instance design_1_i/test_axi_gpio_0/U0/pellet_x_reg[1]
INFO: [Physopt 32-735] Processed net design_1_i/test_axi_gpio_0/U0/pellet_x[1]. Optimization improves timing on the net.
INFO: [Physopt 32-619] Estimated Timing Summary | WNS=-1.983 | TNS=-45.717 |
INFO: [Physopt 32-81] Processed net design_1_i/test_axi_gpio_0/U0/pellet_x[1]. Replicated 1 times.
INFO: [Physopt 32-735] Processed net design_1_i/test_axi_gpio_0/U0/pellet_x[1]. Optimization improves timing on the net.
INFO: [Physopt 32-619] Estimated Timing Summary | WNS=-1.956 | TNS=-45.069 |
INFO: [Physopt 32-702] Processed net design_1_i/test_axi_gpio_0/U0/pellet_x[1]_repN. Optimizations did not improve timing on the net.
INFO: [Physopt 32-702] Processed net design_1_i/hdmi_tx_0/inst/srldly_0/srlopt_n_16. Optimizations did not improve timing on the net.
INFO: [Physopt 32-702] Processed net design_1_i/clk_wiz_0/inst/clk_out100_design_1_clk_wiz_0_0. Optimizations did not improve timing on the net.
INFO: [Physopt 32-702] Processed net design_1_i/vga_controller_0/U0/red0_carry__1_n_2. Optimizations did not improve timing on the net.
INFO: [Physopt 32-702] Processed net design_1_i/vga_controller_0/U0/red0_carry_i_5_n_0. Optimizations did not improve timing on the net.
INFO: [Physopt 32-702] Processed net design_1_i/vga_controller_0/U0/red[0]. Optimizations did not improve timing on the net.
INFO: [Physopt 32-702] Processed net design_1_i/vga_controller_0/U0/red1_n_99. Optimizations did not improve timing on the net.
INFO: [Physopt 32-702] Processed net design_1_i/vga_controller_0/U0/red3_inferred__2/i__carry__1_n_5. Optimizations did not improve timing on the net.
INFO: [Physopt 32-702] Processed net design_1_i/vga_controller_0/U0/i__carry_i_3__3_n_0. Optimizations did not improve timing on the net.
INFO: [Physopt 32-702] Processed net design_1_i/test_axi_gpio_0/U0/pellet_x[1]_repN. Optimizations did not improve timing on the net.
INFO: [Physopt 32-619] Estimated Timing Summary | WNS=-1.956 | TNS=-45.069 |
Phase 3 Critical Path Optimization | Checksum: dd55ba67

Time (s): cpu = 00:00:04 ; elapsed = 00:00:02 . Memory (MB): peak = 2796.754 ; gain = 0.000 ; free physical = 3323 ; free virtual = 10192

Phase 4 Critical Path Optimization
INFO: [Physopt 32-619] Estimated Timing Summary | WNS=-1.956 | TNS=-45.069 |
INFO: [Physopt 32-702] Processed net design_1_i/hdmi_tx_0/inst/srldly_0/srlopt_n_16. Optimizations did not improve timing on the net.
INFO: [Physopt 32-702] Processed net design_1_i/clk_wiz_0/inst/clk_out100_design_1_clk_wiz_0_0. Optimizations did not improve timing on the net.
INFO: [Physopt 32-702] Processed net design_1_i/vga_controller_0/U0/red0_carry__1_n_2. Optimizations did not improve timing on the net.
INFO: [Physopt 32-702] Processed net design_1_i/vga_controller_0/U0/red0_carry__0_n_0. Optimizations did not improve timing on the net.
INFO: [Physopt 32-702] Processed net design_1_i/vga_controller_0/U0/red0_carry_n_0. Optimizations did not improve timing on the net.
INFO: [Physopt 32-702] Processed net design_1_i/vga_controller_0/U0/red0_carry_i_5_n_0. Optimizations did not improve timing on the net.
INFO: [Physopt 32-702] Processed net design_1_i/vga_controller_0/U0/red[0]. Optimizations did not improve timing on the net.
INFO: [Physopt 32-702] Processed net design_1_i/vga_controller_0/U0/red1_n_99. Optimizations did not improve timing on the net.
INFO: [Physopt 32-702] Processed net design_1_i/vga_controller_0/U0/red3_inferred__2/i__carry__1_n_5. Optimizations did not improve timing on the net.
INFO: [Physopt 32-702] Processed net design_1_i/vga_controller_0/U0/red3_inferred__2/i__carry__0_n_0. Optimizations did not improve timing on the net.
INFO: [Physopt 32-702] Processed net design_1_i/vga_controller_0/U0/red3_inferred__2/i__carry_n_0. Optimizations did not improve timing on the net.
INFO: [Physopt 32-702] Processed net design_1_i/vga_controller_0/U0/i__carry_i_3__3_n_0. Optimizations did not improve timing on the net.
INFO: [Physopt 32-702] Processed net design_1_i/vga_controller_0/U0/red2_n_106. Optimizations did not improve timing on the net.
INFO: [Physopt 32-702] Processed net design_1_i/test_axi_gpio_0/U0/pellet_x[1]_repN. Optimizations did not improve timing on the net.
INFO: [Physopt 32-702] Processed net design_1_i/hdmi_tx_0/inst/srldly_0/srlopt_n_16. Optimizations did not improve timing on the net.
INFO: [Physopt 32-702] Processed net design_1_i/clk_wiz_0/inst/clk_out100_design_1_clk_wiz_0_0. Optimizations did not improve timing on the net.
INFO: [Physopt 32-702] Processed net design_1_i/vga_controller_0/U0/red0_carry__1_n_2. Optimizations did not improve timing on the net.
INFO: [Physopt 32-702] Processed net design_1_i/vga_controller_0/U0/red0_carry_i_5_n_0. Optimizations did not improve timing on the net.
INFO: [Physopt 32-702] Processed net design_1_i/vga_controller_0/U0/red[0]. Optimizations did not improve timing on the net.
INFO: [Physopt 32-702] Processed net design_1_i/vga_controller_0/U0/red1_n_99. Optimizations did not improve timing on the net.
INFO: [Physopt 32-702] Processed net design_1_i/vga_controller_0/U0/red3_inferred__2/i__carry__1_n_5. Optimizations did not improve timing on the net.
INFO: [Physopt 32-702] Processed net design_1_i/vga_controller_0/U0/i__carry_i_3__3_n_0. Optimizations did not improve timing on the net.
INFO: [Physopt 32-702] Processed net design_1_i/test_axi_gpio_0/U0/pellet_x[1]_repN. Optimizations did not improve timing on the net.
INFO: [Physopt 32-619] Estimated Timing Summary | WNS=-1.956 | TNS=-45.069 |
Phase 4 Critical Path Optimization | Checksum: dd55ba67

Time (s): cpu = 00:00:05 ; elapsed = 00:00:02 . Memory (MB): peak = 2796.754 ; gain = 0.000 ; free physical = 3323 ; free virtual = 10192
Netlist sorting complete. Time (s): cpu = 00:00:00 ; elapsed = 00:00:00 . Memory (MB): peak = 2796.754 ; gain = 0.000 ; free physical = 3323 ; free virtual = 10192
INFO: [Physopt 32-603] Post Physical Optimization Timing Summary | WNS=-1.956 | TNS=-45.069 |

Summary of Physical Synthesis Optimizations
============================================


-------------------------------------------------------------------------------------------------------------------------------------------------------------
|  Optimization   |  WNS Gain (ns)  |  TNS Gain (ns)  |  Added Cells  |  Removed Cells  |  Optimized Cells/Nets  |  Dont Touch  |  Iterations  |  Elapsed   |
-------------------------------------------------------------------------------------------------------------------------------------------------------------
|  DSP Register   |          0.000  |          0.000  |            0  |              0  |                     0  |           0  |           1  |  00:00:00  |
|  Critical Path  |          0.419  |          4.472  |            1  |              0  |                    15  |           0  |           2  |  00:00:02  |
|  Total          |          0.419  |          4.472  |            1  |              0  |                    15  |           0  |           3  |  00:00:02  |
-------------------------------------------------------------------------------------------------------------------------------------------------------------


Netlist sorting complete. Time (s): cpu = 00:00:00 ; elapsed = 00:00:00.01 . Memory (MB): peak = 2796.754 ; gain = 0.000 ; free physical = 3323 ; free virtual = 10192
Ending Physical Synthesis Task | Checksum: 1f1aae951

Time (s): cpu = 00:00:06 ; elapsed = 00:00:02 . Memory (MB): peak = 2796.754 ; gain = 0.000 ; free physical = 3323 ; free virtual = 10192
INFO: [Common 17-83] Releasing license: Implementation
194 Infos, 7 Warnings, 4 Critical Warnings and 0 Errors encountered.
phys_opt_design completed successfully
INFO: [Timing 38-480] Writing timing data to binary archive.
Writing XDEF routing.
Writing XDEF routing logical nets.
Writing XDEF routing special nets.
Write XDEF Complete: Time (s): cpu = 00:00:00.44 ; elapsed = 00:00:00.14 . Memory (MB): peak = 2796.754 ; gain = 0.000 ; free physical = 3311 ; free virtual = 10185
INFO: [Common 17-1381] The checkpoint '/home/timon/Documents/vivado_snake/project_final2.runs/impl_1/design_1_wrapper_physopt.dcp' has been generated.
Command: route_design
Attempting to get a license for feature 'Implementation' and/or device 'xc7z007s'
INFO: [Common 17-349] Got license for feature 'Implementation' and/or device 'xc7z007s'
INFO: [DRC 23-27] Running DRC with 8 threads
INFO: [Vivado_Tcl 4-198] DRC finished with 0 Errors
INFO: [Vivado_Tcl 4-199] Please refer to the DRC report (report_drc) for more information.
Running DRC as a precondition to command route_design
INFO: [DRC 23-27] Running DRC with 8 threads
INFO: [Vivado_Tcl 4-198] DRC finished with 0 Errors
INFO: [Vivado_Tcl 4-199] Please refer to the DRC report (report_drc) for more information.


Starting Routing Task
INFO: [Route 35-254] Multithreading enabled for route_design using a maximum of 8 CPUs

Phase 1 Build RT Design
Checksum: PlaceDB: d9006920 ConstDB: 0 ShapeSum: bada89bc RouteDB: 0
Post Restoration Checksum: NetGraph: 53a5161 | NumContArr: d1c1ae03 | Constraints: 190a55ad | Timing: 0
Phase 1 Build RT Design | Checksum: f0065511

Time (s): cpu = 00:00:07 ; elapsed = 00:00:05 . Memory (MB): peak = 2834.434 ; gain = 8.996 ; free physical = 3236 ; free virtual = 10107

Phase 2 Router Initialization

Phase 2.1 Fix Topology Constraints
Phase 2.1 Fix Topology Constraints | Checksum: f0065511

Time (s): cpu = 00:00:07 ; elapsed = 00:00:05 . Memory (MB): peak = 2834.434 ; gain = 8.996 ; free physical = 3236 ; free virtual = 10107

Phase 2.2 Pre Route Cleanup
Phase 2.2 Pre Route Cleanup | Checksum: f0065511

Time (s): cpu = 00:00:07 ; elapsed = 00:00:05 . Memory (MB): peak = 2834.434 ; gain = 8.996 ; free physical = 3236 ; free virtual = 10107
 Number of Nodes with overlaps = 0

Phase 2.3 Update Timing
Phase 2.3 Update Timing | Checksum: 1c23d0c08

Time (s): cpu = 00:00:08 ; elapsed = 00:00:06 . Memory (MB): peak = 2844.434 ; gain = 18.996 ; free physical = 3226 ; free virtual = 10097
INFO: [Route 35-416] Intermediate Timing Summary | WNS=-1.898 | TNS=-43.897| WHS=-0.188 | THS=-30.681|


Router Utilization Summary
  Global Vertical Routing Utilization    = 0.0049268 %
  Global Horizontal Routing Utilization  = 0.0124081 %
  Routable Net Status*
  *Does not include unroutable nets such as driverless and loadless.
  Run report_route_status for detailed report.
  Number of Failed Nets               = 2514
    (Failed Nets is the sum of unrouted and partially routed nets)
  Number of Unrouted Nets             = 2512
  Number of Partially Routed Nets     = 2
  Number of Node Overlaps             = 0

Phase 2 Router Initialization | Checksum: 2593f124d

Time (s): cpu = 00:00:08 ; elapsed = 00:00:06 . Memory (MB): peak = 2850.434 ; gain = 24.996 ; free physical = 3223 ; free virtual = 10094

Phase 3 Initial Routing

Phase 3.1 Global Routing
Phase 3.1 Global Routing | Checksum: 2593f124d

Time (s): cpu = 00:00:08 ; elapsed = 00:00:06 . Memory (MB): peak = 2850.434 ; gain = 24.996 ; free physical = 3223 ; free virtual = 10094
Phase 3 Initial Routing | Checksum: c36a6715

Time (s): cpu = 00:00:08 ; elapsed = 00:00:06 . Memory (MB): peak = 2850.434 ; gain = 24.996 ; free physical = 3223 ; free virtual = 10094

Phase 4 Rip-up And Reroute

Phase 4.1 Global Iteration 0
 Number of Nodes with overlaps = 130
 Number of Nodes with overlaps = 2
 Number of Nodes with overlaps = 0
INFO: [Route 35-416] Intermediate Timing Summary | WNS=-2.332 | TNS=-49.605| WHS=N/A    | THS=N/A    |

Phase 4.1 Global Iteration 0 | Checksum: 164cc248e

Time (s): cpu = 00:00:09 ; elapsed = 00:00:06 . Memory (MB): peak = 2850.434 ; gain = 24.996 ; free physical = 3223 ; free virtual = 10094

Phase 4.2 Global Iteration 1
 Number of Nodes with overlaps = 1
 Number of Nodes with overlaps = 0
INFO: [Route 35-416] Intermediate Timing Summary | WNS=-2.218 | TNS=-46.998| WHS=N/A    | THS=N/A    |

Phase 4.2 Global Iteration 1 | Checksum: 17b85edd0

Time (s): cpu = 00:00:09 ; elapsed = 00:00:07 . Memory (MB): peak = 2850.434 ; gain = 24.996 ; free physical = 3223 ; free virtual = 10094

Phase 4.3 Global Iteration 2
 Number of Nodes with overlaps = 0
INFO: [Route 35-416] Intermediate Timing Summary | WNS=-2.218 | TNS=-46.998| WHS=N/A    | THS=N/A    |

Phase 4.3 Global Iteration 2 | Checksum: 2220181c0

Time (s): cpu = 00:00:09 ; elapsed = 00:00:07 . Memory (MB): peak = 2850.434 ; gain = 24.996 ; free physical = 3223 ; free virtual = 10094
Phase 4 Rip-up And Reroute | Checksum: 2220181c0

Time (s): cpu = 00:00:09 ; elapsed = 00:00:07 . Memory (MB): peak = 2850.434 ; gain = 24.996 ; free physical = 3223 ; free virtual = 10094

Phase 5 Delay and Skew Optimization

Phase 5.1 Delay CleanUp

Phase 5.1.1 Update Timing
Phase 5.1.1 Update Timing | Checksum: 2456c7b7c

Time (s): cpu = 00:00:09 ; elapsed = 00:00:07 . Memory (MB): peak = 2850.434 ; gain = 24.996 ; free physical = 3223 ; free virtual = 10094
INFO: [Route 35-416] Intermediate Timing Summary | WNS=-2.218 | TNS=-46.998| WHS=N/A    | THS=N/A    |

 Number of Nodes with overlaps = 0
Phase 5.1 Delay CleanUp | Checksum: 1f50df86e

Time (s): cpu = 00:00:10 ; elapsed = 00:00:07 . Memory (MB): peak = 2850.434 ; gain = 24.996 ; free physical = 3223 ; free virtual = 10094

Phase 5.2 Clock Skew Optimization
Phase 5.2 Clock Skew Optimization | Checksum: 1f50df86e

Time (s): cpu = 00:00:10 ; elapsed = 00:00:07 . Memory (MB): peak = 2850.434 ; gain = 24.996 ; free physical = 3223 ; free virtual = 10094
Phase 5 Delay and Skew Optimization | Checksum: 1f50df86e

Time (s): cpu = 00:00:10 ; elapsed = 00:00:07 . Memory (MB): peak = 2850.434 ; gain = 24.996 ; free physical = 3223 ; free virtual = 10094

Phase 6 Post Hold Fix

Phase 6.1 Hold Fix Iter

Phase 6.1.1 Update Timing
Phase 6.1.1 Update Timing | Checksum: 2933f9622

Time (s): cpu = 00:00:10 ; elapsed = 00:00:07 . Memory (MB): peak = 2850.434 ; gain = 24.996 ; free physical = 3223 ; free virtual = 10094
INFO: [Route 35-416] Intermediate Timing Summary | WNS=-2.218 | TNS=-46.998| WHS=0.027  | THS=0.000  |

Phase 6.1 Hold Fix Iter | Checksum: 24ad6fe01

Time (s): cpu = 00:00:10 ; elapsed = 00:00:07 . Memory (MB): peak = 2850.434 ; gain = 24.996 ; free physical = 3223 ; free virtual = 10094
Phase 6 Post Hold Fix | Checksum: 24ad6fe01

Time (s): cpu = 00:00:10 ; elapsed = 00:00:07 . Memory (MB): peak = 2850.434 ; gain = 24.996 ; free physical = 3223 ; free virtual = 10094

Phase 7 Route finalize

Router Utilization Summary
  Global Vertical Routing Utilization    = 0.845017 %
  Global Horizontal Routing Utilization  = 1.18474 %
  Routable Net Status*
  *Does not include unroutable nets such as driverless and loadless.
  Run report_route_status for detailed report.
  Number of Failed Nets               = 0
    (Failed Nets is the sum of unrouted and partially routed nets)
  Number of Unrouted Nets             = 0
  Number of Partially Routed Nets     = 0
  Number of Node Overlaps             = 0


--GLOBAL Congestion:
Utilization threshold used for congestion level computation: 0.85
Congestion Report
North Dir 1x1 Area, Max Cong = 29.7297%, No Congested Regions.
South Dir 1x1 Area, Max Cong = 27.027%, No Congested Regions.
East Dir 1x1 Area, Max Cong = 50%, No Congested Regions.
West Dir 1x1 Area, Max Cong = 41.1765%, No Congested Regions.

------------------------------
Reporting congestion hotspots
------------------------------
Direction: North
----------------
Congested clusters found at Level 0
Effective congestion level: 0 Aspect Ratio: 1 Sparse Ratio: 0
Direction: South
----------------
Congested clusters found at Level 0
Effective congestion level: 0 Aspect Ratio: 1 Sparse Ratio: 0
Direction: East
----------------
Congested clusters found at Level 0
Effective congestion level: 0 Aspect Ratio: 1 Sparse Ratio: 0
Direction: West
----------------
Congested clusters found at Level 0
Effective congestion level: 0 Aspect Ratio: 1 Sparse Ratio: 0

Phase 7 Route finalize | Checksum: 1c73e5c81

Time (s): cpu = 00:00:10 ; elapsed = 00:00:07 . Memory (MB): peak = 2850.434 ; gain = 24.996 ; free physical = 3223 ; free virtual = 10094

Phase 8 Verifying routed nets

 Verification completed successfully
Phase 8 Verifying routed nets | Checksum: 1c73e5c81

Time (s): cpu = 00:00:10 ; elapsed = 00:00:07 . Memory (MB): peak = 2850.434 ; gain = 24.996 ; free physical = 3223 ; free virtual = 10094

Phase 9 Depositing Routes
Phase 9 Depositing Routes | Checksum: 16c5a38c7

Time (s): cpu = 00:00:10 ; elapsed = 00:00:07 . Memory (MB): peak = 2850.434 ; gain = 24.996 ; free physical = 3223 ; free virtual = 10094

Phase 10 Post Router Timing
INFO: [Route 35-57] Estimated Timing Summary | WNS=-2.218 | TNS=-46.998| WHS=0.027  | THS=0.000  |

WARNING: [Route 35-328] Router estimated timing not met.
Resolution: For a complete and accurate timing signoff, report_timing_summary must be run after route_design. Alternatively, route_design can be run with the -timing_summary option to enable a complete timing signoff at the end of route_design.
Phase 10 Post Router Timing | Checksum: 16c5a38c7

Time (s): cpu = 00:00:10 ; elapsed = 00:00:07 . Memory (MB): peak = 2850.434 ; gain = 24.996 ; free physical = 3227 ; free virtual = 10098
INFO: [Route 35-16] Router Completed Successfully

Phase 11 Post-Route Event Processing
Phase 11 Post-Route Event Processing | Checksum: 12bbd3673

Time (s): cpu = 00:00:10 ; elapsed = 00:00:07 . Memory (MB): peak = 2850.434 ; gain = 24.996 ; free physical = 3227 ; free virtual = 10098

Time (s): cpu = 00:00:10 ; elapsed = 00:00:07 . Memory (MB): peak = 2850.434 ; gain = 24.996 ; free physical = 3227 ; free virtual = 10098

Routing Is Done.
INFO: [Common 17-83] Releasing license: Implementation
213 Infos, 8 Warnings, 4 Critical Warnings and 0 Errors encountered.
route_design completed successfully
route_design: Time (s): cpu = 00:00:11 ; elapsed = 00:00:07 . Memory (MB): peak = 2850.434 ; gain = 53.680 ; free physical = 3227 ; free virtual = 10098
INFO: [runtcl-4] Executing : report_drc -file design_1_wrapper_drc_routed.rpt -pb design_1_wrapper_drc_routed.pb -rpx design_1_wrapper_drc_routed.rpx
Command: report_drc -file design_1_wrapper_drc_routed.rpt -pb design_1_wrapper_drc_routed.pb -rpx design_1_wrapper_drc_routed.rpx
INFO: [IP_Flow 19-1839] IP Catalog is up to date.
INFO: [DRC 23-27] Running DRC with 8 threads
INFO: [Vivado_Tcl 2-168] The results of DRC are in file /home/timon/Documents/vivado_snake/project_final2.runs/impl_1/design_1_wrapper_drc_routed.rpt.
report_drc completed successfully
INFO: [runtcl-4] Executing : report_methodology -file design_1_wrapper_methodology_drc_routed.rpt -pb design_1_wrapper_methodology_drc_routed.pb -rpx design_1_wrapper_methodology_drc_routed.rpx
Command: report_methodology -file design_1_wrapper_methodology_drc_routed.rpt -pb design_1_wrapper_methodology_drc_routed.pb -rpx design_1_wrapper_methodology_drc_routed.rpx
INFO: [Timing 38-35] Done setting XDC timing constraints.
INFO: [DRC 23-133] Running Methodology with 8 threads
INFO: [Vivado_Tcl 2-1520] The results of Report Methodology are in file /home/timon/Documents/vivado_snake/project_final2.runs/impl_1/design_1_wrapper_methodology_drc_routed.rpt.
report_methodology completed successfully
INFO: [runtcl-4] Executing : report_power -file design_1_wrapper_power_routed.rpt -pb design_1_wrapper_power_summary_routed.pb -rpx design_1_wrapper_power_routed.rpx
Command: report_power -file design_1_wrapper_power_routed.rpt -pb design_1_wrapper_power_summary_routed.pb -rpx design_1_wrapper_power_routed.rpx
INFO: [Timing 38-35] Done setting XDC timing constraints.
Running Vector-less Activity Propagation...

Finished Running Vector-less Activity Propagation
223 Infos, 8 Warnings, 4 Critical Warnings and 0 Errors encountered.
report_power completed successfully
INFO: [runtcl-4] Executing : report_route_status -file design_1_wrapper_route_status.rpt -pb design_1_wrapper_route_status.pb
INFO: [runtcl-4] Executing : report_timing_summary -max_paths 10 -report_unconstrained -file design_1_wrapper_timing_summary_routed.rpt -pb design_1_wrapper_timing_summary_routed.pb -rpx design_1_wrapper_timing_summary_routed.rpx -warn_on_violation 
INFO: [Timing 38-91] UpdateTimingParams: Speed grade: -1, Delay Type: min_max.
INFO: [Timing 38-191] Multithreading enabled for timing update using a maximum of 8 CPUs
CRITICAL WARNING: [Timing 38-282] The design failed to meet the timing requirements. Please see the timing summary report for details on the timing violations.
INFO: [runtcl-4] Executing : report_incremental_reuse -file design_1_wrapper_incremental_reuse_routed.rpt
INFO: [Vivado_Tcl 4-1062] Incremental flow is disabled. No incremental reuse Info to report.
INFO: [runtcl-4] Executing : report_clock_utilization -file design_1_wrapper_clock_utilization_routed.rpt
INFO: [runtcl-4] Executing : report_bus_skew -warn_on_violation -file design_1_wrapper_bus_skew_routed.rpt -pb design_1_wrapper_bus_skew_routed.pb -rpx design_1_wrapper_bus_skew_routed.rpx
INFO: [Timing 38-91] UpdateTimingParams: Speed grade: -1, Delay Type: min_max.
INFO: [Timing 38-191] Multithreading enabled for timing update using a maximum of 8 CPUs
INFO: [Timing 38-480] Writing timing data to binary archive.
Writing XDEF routing.
Writing XDEF routing logical nets.
Writing XDEF routing special nets.
Write XDEF Complete: Time (s): cpu = 00:00:00.48 ; elapsed = 00:00:00.15 . Memory (MB): peak = 2972.113 ; gain = 0.000 ; free physical = 3119 ; free virtual = 9999
INFO: [Common 17-1381] The checkpoint '/home/timon/Documents/vivado_snake/project_final2.runs/impl_1/design_1_wrapper_routed.dcp' has been generated.
Command: write_bitstream -force design_1_wrapper.bit
Attempting to get a license for feature 'Implementation' and/or device 'xc7z007s'
INFO: [Common 17-349] Got license for feature 'Implementation' and/or device 'xc7z007s'
Running DRC as a precondition to command write_bitstream
INFO: [IP_Flow 19-1839] IP Catalog is up to date.
INFO: [DRC 23-27] Running DRC with 8 threads
WARNING: [DRC DPIP-1] Input pipelining: DSP design_1_i/vga_controller_0/U0/red1 input design_1_i/vga_controller_0/U0/red1/A[29:0] is not pipelined. Pipelining DSP48 input will improve performance.
WARNING: [DRC DPIP-1] Input pipelining: DSP design_1_i/vga_controller_0/U0/red1 input design_1_i/vga_controller_0/U0/red1/B[17:0] is not pipelined. Pipelining DSP48 input will improve performance.
WARNING: [DRC DPIP-1] Input pipelining: DSP design_1_i/vga_controller_0/U0/red2 input design_1_i/vga_controller_0/U0/red2/A[29:0] is not pipelined. Pipelining DSP48 input will improve performance.
WARNING: [DRC DPIP-1] Input pipelining: DSP design_1_i/vga_controller_0/U0/red2 input design_1_i/vga_controller_0/U0/red2/B[17:0] is not pipelined. Pipelining DSP48 input will improve performance.
WARNING: [DRC DPOP-1] PREG Output pipelining: DSP design_1_i/vga_controller_0/U0/red1 output design_1_i/vga_controller_0/U0/red1/P[47:0] is not pipelined (PREG=0). Pipelining the DSP48 output will improve performance and often saves power so it is suggested whenever possible to fully pipeline this function.  If this DSP48 function was inferred, it is suggested to describe an additional register stage after this function.  If the DSP48 was instantiated in the design, it is suggested to set the PREG attribute to 1.
WARNING: [DRC DPOP-2] MREG Output pipelining: DSP design_1_i/vga_controller_0/U0/red1 multiplier stage design_1_i/vga_controller_0/U0/red1/P[47:0] is not pipelined (MREG=0). Pipelining the multiplier function will improve performance and will save significant power so it is suggested whenever possible to fully pipeline this function.  If this multiplier was inferred, it is suggested to describe an additional register stage after this function.  If there is no registered adder/accumulator following the multiply function, two pipeline stages are suggested to allow both the MREG and PREG registers to be used.  If the DSP48 was instantiated in the design, it is suggested to set both the MREG and PREG attributes to 1 when performing multiply functions.
INFO: [Vivado 12-3199] DRC finished with 0 Errors, 6 Warnings
INFO: [Vivado 12-3200] Please refer to the DRC report (report_drc) for more information.
INFO: [Designutils 20-2272] Running write_bitstream with 8 threads.
Loading data files...
Loading site data...
Loading route data...
Processing options...
Creating bitmap...
Creating bitstream...
Writing bitstream ./design_1_wrapper.bit...
INFO: [Vivado 12-1842] Bitgen Completed Successfully.
INFO: [Project 1-1876] WebTalk data collection is mandatory when using a ULT device. To see the specific WebTalk data collected for your design, open the usage_statistics_webtalk.html or usage_statistics_webtalk.xml file in the implementation directory.
INFO: [Common 17-83] Releasing license: Implementation
14 Infos, 6 Warnings, 0 Critical Warnings and 0 Errors encountered.
write_bitstream completed successfully
write_bitstream: Time (s): cpu = 00:00:07 ; elapsed = 00:00:11 . Memory (MB): peak = 3232.070 ; gain = 259.957 ; free physical = 2803 ; free virtual = 9681
INFO: [Common 17-206] Exiting Vivado at Mon Mar 17 20:23:57 2025...
